ELF Header:
  Magic:   7f 45 4c 46 01 01 01 00 00 00 00 00 00 00 00 00 
  Class:                             ELF32
  Data:                              2's complement, little endian
  Version:                           1 (current)
  OS/ABI:                            UNIX - System V
  ABI Version:                       0
  Type:                              EXEC (Executable file)
  Machine:                           RISC-V
  Version:                           0x1
  Entry point address:               0x10000000
  Start of program headers:          52 (bytes into file)
  Start of section headers:          291084 (bytes into file)
  Flags:                             0x9, RVC, RVE, soft-float ABI
  Size of this header:               52 (bytes)
  Size of program headers:           32 (bytes)
  Number of program headers:         5
  Size of section headers:           40 (bytes)
  Number of section headers:         24
  Section header string table index: 23

Section Headers:
  [Nr] Name              Type            Addr     Off    Size   ES Flg Lk Inf Al
  [ 0]                   NULL            00000000 000000 000000 00      0   0  0
  [ 1] .text             PROGBITS        10000000 001000 003694 00  AX  0   0 64
  [ 2] .copy.table       PROGBITS        10003694 004694 00000c 00  WA  0   0  1
  [ 3] .zero.table       PROGBITS        100036a0 0046a0 000008 00  WA  0   0  1
  [ 4] .data             PROGBITS        20000000 005000 0018c0 00 WAX  0   0 64
  [ 5] .bss              NOBITS          200018c0 0068c0 0002a4 00  WA  0   0  8
  [ 6] .heap             PROGBITS        20001b64 0068c0 000004 00   W  0   0  1
  [ 7] .stack            PROGBITS        20003d00 0068c4 000300 00   W  0   0  1
  [ 8] .debug_info       PROGBITS        00000000 006bc4 01d972 00      0   0  1
  [ 9] .debug_abbrev     PROGBITS        00000000 024536 003471 00      0   0  1
  [10] .debug_loclists   PROGBITS        00000000 0279a7 000d75 00      0   0  1
  [11] .debug_aranges    PROGBITS        00000000 028720 000730 00      0   0  8
  [12] .debug_rnglists   PROGBITS        00000000 028e50 00032b 00      0   0  1
  [13] .debug_line       PROGBITS        00000000 02917b 00b667 00      0   0  1
  [14] .debug_str        PROGBITS        00000000 0347e2 009194 01  MS  0   0  1
  [15] .debug_line_str   PROGBITS        00000000 03d976 0006f7 01  MS  0   0  1
  [16] .comment          PROGBITS        00000000 03e06d 0000d8 01  MS  0   0  1
  [17] .riscv.attributes RISCV_ATTRIBUTE 00000000 03e145 000068 00      0   0  1
  [18] .debug_frame      PROGBITS        00000000 03e1b0 001310 00      0   0  4
  [19] .debug_loc        PROGBITS        00000000 03f4c0 003518 00      0   0  1
  [20] .debug_ranges     PROGBITS        00000000 0429d8 000830 00      0   0  1
  [21] .symtab           SYMTAB          00000000 043208 0027d0 10     22 399  4
  [22] .strtab           STRTAB          00000000 0459d8 00162f 00      0   0  1
  [23] .shstrtab         STRTAB          00000000 047007 000102 00      0   0  1
Key to Flags:
  W (write), A (alloc), X (execute), M (merge), S (strings), I (info),
  L (link order), O (extra OS processing required), G (group), T (TLS),
  C (compressed), x (unknown), o (OS specific), E (exclude),
  D (mbind), p (processor specific)

Program Headers:
  Type           Offset   VirtAddr   PhysAddr   FileSiz MemSiz  Flg Align
  RISCV_ATTRIBUT 0x03e145 0x00000000 0x00000000 0x00068 0x00000 R   0x1
  LOAD           0x001000 0x10000000 0x10000000 0x036a8 0x036a8 RWE 0x1000
  LOAD           0x005000 0x20000000 0x100036a8 0x018c0 0x018c0 RWE 0x1000
  LOAD           0x0008c0 0x200018c0 0x200018c0 0x00000 0x002a4 RW  0x1000
  GNU_STACK      0x000000 0x00000000 0x00000000 0x00000 0x00000 RW  0x10

 Section to Segment mapping:
  Segment Sections...
   00     .riscv.attributes 
   01     .text .copy.table .zero.table 
   02     .data 
   03     .bss 
   04     
======================================================================
Archive member included to satisfy reference by file (symbol)

D:/english_path_floder/remoter/components/libraries\libstartlib.a(E902_context_switch.o)
                              (--whole-archive)
D:/english_path_floder/remoter/components/libraries\libstartlib.a(E902_crt0.o)
                              (--whole-archive)
D:/english_path_floder/remoter/components/libraries\libstartlib.a(E902_startup.o)
                              (--whole-archive)
D:/english_path_floder/remoter/components/libraries\libstartlib.a(E902_otp_cfg.o)
                              (--whole-archive)
D:/english_path_floder/remoter/components/libraries/24g/20260121/flash\lib2g4_base.a(drv_omw_clkcal.o)
                              (--whole-archive)
D:/english_path_floder/remoter/components/libraries/24g/20260121/flash\lib2g4_base.a(t1001_t1001_2g4.o)
                              (--whole-archive)
D:/english_path_floder/remoter/components/libraries/24g/20260121/flash\lib2g4_base.a(t1001_t1001_2g4_radio.o)
[...]
Memory Configuration

Name             Origin             Length             Attributes
FLASH            0x10000000         0x00040000         xr
RAM              0x20000000         0x00004000         xrw
*default*        0x00000000         0xffffffff

Linker script and memory map

LOAD Obj/CP8003_REMOTER_main.o
LOAD C:\Users\PC\AppData\Local\Temp\ccBBZWlV.ltrans0.ltrans.o
LOAD C:\Users\PC\AppData\Local\Temp\ccsRIWyG.debug.temp.o
LOAD C:\Users\PC\AppData\Local\Temp\ccSFC9zG.debug.temp.o
LOAD C:\Users\PC\AppData\Local\Temp\cciuwmBG.debug.temp.o
LOAD C:\Users\PC\AppData\Local\Temp\cc4VSKYG.debug.temp.o
LOAD C:\Users\PC\AppData\Local\Temp\ccQnf9lH.debug.temp.o
LOAD C:\Users\PC\AppData\Local\Temp\ccCPBxJH.debug.temp.o
LOAD C:\Users\PC\AppData\Local\Temp\ccsbYhhM.debug.temp.o
LOAD C:\Users\PC\AppData\Local\Temp\ccixk2OQ.debug.temp.o
LOAD C:\Users\PC\AppData\Local\Temp\cc8SGMmV.debug.temp.o
LOAD C:\Users\PC\AppData\Local\Temp\ccGppzaZ.debug.temp.o
LOAD C:\Users\PC\AppData\Local\Temp\cceW7lY2.debug.temp.o
LOAD C:\Users\PC\AppData\Local\Temp\ccMsQ8L6.debug.temp.o
LOAD C:\Users\PC\AppData\Local\Temp\ccq6AVDa.debug.temp.o
LOAD C:\Users\PC\AppData\Local\Temp\cc4JlIve.debug.temp.o
LOAD C:\Users\PC\AppData\Local\Temp\ccIn6uni.debug.temp.o
LOAD C:\Users\PC\AppData\Local\Temp\cccm0Nql.debug.temp.o
LOAD C:\Users\PC\AppData\Local\Temp\ccGkU6to.debug.temp.o
LOAD C:\Users\PC\AppData\Local\Temp\ccajOpxr.debug.temp.o
LOAD C:\Users\PC\AppData\Local\Temp\ccEhIIAu.debug.temp.o
LOAD C:\Users\PC\AppData\Local\Temp\ccqZsr8w.debug.temp.o
LOAD C:\Users\PC\AppData\Local\Temp\cccHdaGz.debug.temp.o
LOAD Obj/CP8003_REMOTER_app_isr.o
LOAD Obj/CP8003_REMOTER_rmt_key_config.o
LOAD Obj/app_remoter_app_remoter.o
LOAD Obj/app_viot_handler_app_viot_handler.o
LOAD Obj/key_process_key_process.o
LOAD Obj/driver_driver_clkcal.o
LOAD Obj/driver_driver_flash.o
LOAD Obj/driver_driver_gpadc.o
LOAD Obj/driver_driver_gpio.o
LOAD Obj/driver_driver_iic.o
LOAD Obj/driver_driver_ledc.o
LOAD Obj/driver_driver_spim.o
LOAD Obj/driver_driver_spis.o
LOAD Obj/driver_driver_sys.o
LOAD Obj/driver_driver_timer.o
LOAD Obj/driver_driver_uart.o
LOAD Obj/driver_driver_wdt.o
LOAD Obj/misc_log_dbg.o
LOAD Obj/hal_clock_hal_clock.o
LOAD Obj/ble_viot_ble_viot.o
LOAD D:/english_path_floder/remoter/components/libraries\libstartlib.a
LOAD D:/english_path_floder/remoter/components/libraries/24g/20260121/flash\lib2g4_base.a
LOAD D:/english_path_floder/remoter/components/libraries/24g/20260121/flash\librf2g4.a
LOAD d:/app/C-Sky/CDKRepo/Toolchain/XTGccElfNewlib/V3.4.0/R/bin/../lib/gcc/riscv64-unknown-elf/14.3.0/rv32emc/ilp32e\libgcc.a
LOAD d:/app/C-Sky/CDKRepo/Toolchain/XTGccElfNewlib/V3.4.0/R/bin/../lib/gcc/riscv64-unknown-elf/14.3.0/../../../../riscv64-unknown-elf/lib/rv32emc/ilp32e\libc_nano.a
LOAD d:/app/C-Sky/CDKRepo/Toolchain/XTGccElfNewlib/V3.4.0/R/bin/../lib/gcc/riscv64-unknown-elf/14.3.0/rv32emc/ilp32e\libgcc.a
START GROUP
LOAD d:/app/C-Sky/CDKRepo/Toolchain/XTGccElfNewlib/V3.4.0/R/bin/../lib/gcc/riscv64-unknown-elf/14.3.0/rv32emc/ilp32e\libgcc.a
LOAD d:/app/C-Sky/CDKRepo/Toolchain/XTGccElfNewlib/V3.4.0/R/bin/../lib/gcc/riscv64-unknown-elf/14.3.0/../../../../riscv64-unknown-elf/lib/rv32emc/ilp32e\libc_nano.a
LOAD d:/app/C-Sky/CDKRepo/Toolchain/XTGccElfNewlib/V3.4.0/R/bin/../lib/gcc/riscv64-unknown-elf/14.3.0/../../../../riscv64-unknown-elf/lib/rv32emc/ilp32e\libgloss_nano.a
END GROUP
                0x10000000                        __ROM_BASE = 0x10000000
                0x00040000                        __ROM_SIZE = 0x40000
                0x20000000                        __RAM_BASE = 0x20000000
                0x00004000                        __RAM_SIZE = 0x4000
                0x00000300                        __STACK_SIZE = 0x300
                0x00000000                        __HEAP_SIZE = 0x0

.text           0x10000000     0x3694
 *crt0*.o(.text .text.*)
 .text.init     0x10000000       0xb4 D:/english_path_floder/remoter/components/libraries\libstartlib.a(E902_crt0.o)
                0x10000000                reset_handler
                0x10000080                trap_handler
 *(EXCLUDE_FILE(*t1001_flash.o) .text*)
 .text          0x100000b4      0x3ba C:\Users\PC\AppData\Local\Temp\ccBBZWlV.ltrans0.ltrans.o
                0x10000434                strlen
                0x10000448                puts
 .text.startup  0x1000046e      0x814 C:\Users\PC\AppData\Local\Temp\ccBBZWlV.ltrans0.ltrans.o
                0x1000046e                main
 .text.Default_Handler
                0x10000c82        0xe D:/english_path_floder/remoter/components/libraries\libstartlib.a(E902_startup.o)
                0x10000c82                SPIM1_Handler
                0x10000c82                CLKCAL_Handler
                0x10000c82                GPIO_Handler
                0x10000c82                I2C0_Handler
                0x10000c82                TIMER4_Handler
                0x10000c82                TIMER0_Handler
                0x10000c82                SysTick_Handler
                0x10000c82                QDEC_Handler
                0x10000c82                TIMER2_Handler
                0x10000c82                TIMER1_Handler
                0x10000c82                RTC_Handler
                0x10000c82                TIMER5_Handler
                0x10000c82                TIMER6_Handler
                0x10000c82                TIMER7_Handler
                0x10000c82                TIMER3_Handler
                0x10000c82                SPIM0_Handler
                0x10000c82                WDT_Handler
                0x10000c82                LEDC_Handler
                0x10000c82                SPIS0_Handler
                0x10000c82                CAPTURE_Handler
                0x10000c82                UART1_Handler
                0x10000c82                USB_Handler
                0x10000c82                Interrupt4_Handler
                0x10000c82                Default_Handler
                0x10000c82                Interrupt23_Handler
                0x10000c82                GPADC_Handler
                0x10000c82                ExtIrq_Handler
                0x10000c82                KEYSCAN_Handler
                0x10000c82                SDMA_Handler
                0x10000c82                SoftIrq_Handler
                0x10000c82                Interrupt13_Handler
                0x10000c82                UART0_Handler
                0x10000c82                Interrupt1_Handler
                0x10000c82                RADIO_TICK_Handler
                0x10000c82                AES_Handler
 .text.clic_init
                0x10000c90       0x38 D:/english_path_floder/remoter/components/libraries\libstartlib.a(E902_startup.o)
                0x10000c90                clic_init
 .text.t1100_rom_init
                0x10000cc8        0x2 D:/english_path_floder/remoter/components/libraries\libstartlib.a(E902_startup.o)
                0x10000cc8                t1100_rom_init
 .text.ram_init
                0x10000cca       0x94 D:/english_path_floder/remoter/components/libraries\libstartlib.a(E902_startup.o)
                0x10000cca                ram_init
 .text.sys_entry
                0x10000d5e       0xba D:/english_path_floder/remoter/components/libraries\libstartlib.a(E902_startup.o)
                0x10000d5e                sys_entry
 .text.otp_load_cfg
                0x10000e18      0x3e0 D:/english_path_floder/remoter/components/libraries\libstartlib.a(E902_otp_cfg.o)
                0x10000e18                otp_load_cfg
 .text.otp_apply_cfg
                0x100011f8       0x86 D:/english_path_floder/remoter/components/libraries\libstartlib.a(E902_otp_cfg.o)
                0x100011f8                otp_apply_cfg
 .text.omw_clkcal_delayus
                0x1000127e       0x2a D:/english_path_floder/remoter/components/libraries/24g/20260121/flash\lib2g4_base.a(drv_omw_clkcal.o)
                0x1000127e                omw_clkcal_delayus
 .text.omw_clkcal_reset
                0x100012a8       0x3a D:/english_path_floder/remoter/components/libraries/24g/20260121/flash\lib2g4_base.a(drv_omw_clkcal.o)
                0x100012a8                omw_clkcal_reset
 .text.omw_clkcal_init
                0x100012e2       0x4e D:/english_path_floder/remoter/components/libraries/24g/20260121/flash\lib2g4_base.a(drv_omw_clkcal.o)
                0x100012e2                omw_clkcal_init
 .text.omw_clkcal_enable
                0x10001330       0x24 D:/english_path_floder/remoter/components/libraries/24g/20260121/flash\lib2g4_base.a(drv_omw_clkcal.o)
                0x10001330                omw_clkcal_enable
 .text.omw_clkcal_calpol
                0x10001354       0x26 D:/english_path_floder/remoter/components/libraries/24g/20260121/flash\lib2g4_base.a(drv_omw_clkcal.o)
                0x10001354                omw_clkcal_calpol
 .text.omw_clkcal_rc24m_calibration
                0x1000137a      0x124 D:/english_path_floder/remoter/components/libraries/24g/20260121/flash\lib2g4_base.a(drv_omw_clkcal.o)
                0x1000137a                omw_clkcal_rc24m_calibration
 .text.omw_clkcal_rc32k_calibration
                0x1000149e       0xe6 D:/english_path_floder/remoter/components/libraries/24g/20260121/flash\lib2g4_base.a(drv_omw_clkcal.o)
                0x1000149e                omw_clkcal_rc32k_calibration
 .text.cal_autolen_pkt_desc_offset
                0x10001584       0x50 D:/english_path_floder/remoter/components/libraries/24g/20260121/flash\lib2g4_base.a(t1001_t1001_2g4.o)
                0x10001584                cal_autolen_pkt_desc_offset
 .text.RF_2G4_DescInit_Mode
                0x100015d4      0x10e D:/english_path_floder/remoter/components/libraries/24g/20260121/flash\lib2g4_base.a(t1001_t1001_2g4.o)
                0x100015d4                RF_2G4_DescInit_Mode
 .text.RF_2G4_UpdateDesc_TxCommon
                0x100016e2       0xb4 D:/english_path_floder/remoter/components/libraries/24g/20260121/flash\lib2g4_base.a(t1001_t1001_2g4.o)
                0x100016e2                RF_2G4_UpdateDesc_TxCommon
 .text.RF_2G4_UpdateDesc_TxPkt
                0x10001796      0x1a0 D:/english_path_floder/remoter/components/libraries/24g/20260121/flash\lib2g4_base.a(t1001_t1001_2g4.o)
                0x10001796                RF_2G4_UpdateDesc_TxPkt
 .text.reverse8
                0x10001936       0x2e D:/english_path_floder/remoter/components/libraries/24g/20260121/flash\lib2g4_base.a(t1001_t1001_2g4.o)
                0x10001936                reverse8
 .text.omw_svc_2g4_set_phy_divisor
                0x10001964       0x78 D:/english_path_floder/remoter/components/libraries/24g/20260121/flash\lib2g4_base.a(t1001_t1001_2g4.o)
                0x10001964                omw_svc_2g4_set_phy_divisor
 .text.RF_2G4_PrepareStart
                0x100019dc      0x12e D:/english_path_floder/remoter/components/libraries/24g/20260121/flash\lib2g4_base.a(t1001_t1001_2g4.o)
                0x100019dc                RF_2G4_PrepareStart
 .text.RF_2G4_UpdateDesc_RxCommon
                0x10001b0a       0x1e D:/english_path_floder/remoter/components/libraries/24g/20260121/flash\lib2g4_base.a(t1001_t1001_2g4.o)
                0x10001b0a                RF_2G4_UpdateDesc_RxCommon
 .text.RF_2G4_UpdateDesc_RxPkt
                0x10001b28      0x172 D:/english_path_floder/remoter/components/libraries/24g/20260121/flash\lib2g4_base.a(t1001_t1001_2g4.o)
                0x10001b28                RF_2G4_UpdateDesc_RxPkt
 .text.omw_svc_2g4_init
                0x10001c9a       0x38 D:/english_path_floder/remoter/components/libraries/24g/20260121/flash\lib2g4_base.a(t1001_t1001_2g4.o)
                0x10001c9a                omw_svc_2g4_init
 .text.omw_rf_init
                0x10001cd2       0x92 D:/english_path_floder/remoter/components/libraries/24g/20260121/flash\lib2g4_base.a(t1001_t1001_2g4_radio.o)
                0x10001cd2                omw_rf_init
 .text.rf_get_ad_pll_counter
                0x10001d64       0x44 D:/english_path_floder/remoter/components/libraries/24g/20260121/flash\lib2g4_base.a(t1001_t1002_chip_radio.o)
 .text.omw_rf_set_tx_pwr_lvl
                0x10001da8       0xf6 D:/english_path_floder/remoter/components/libraries/24g/20260121/flash\lib2g4_base.a(t1001_t1002_chip_radio.o)
                0x10001da8                omw_rf_set_tx_pwr_lvl
 .text.PMU_OnChip_Init
                0x10001e9e       0x4e D:/english_path_floder/remoter/components/libraries/24g/20260121/flash\lib2g4_base.a(t1001_t1002_chip_radio.o)
                0x10001e9e                PMU_OnChip_Init
 .text.Radio_OnChip_Set_Freq_Sw
                0x10001eec       0x30 D:/english_path_floder/remoter/components/libraries/24g/20260121/flash\lib2g4_base.a(t1001_t1002_chip_radio.o)
                0x10001eec                Radio_OnChip_Set_Freq_Sw
 .text.RF_OnChip_Init
                0x10001f1c      0x3ee D:/english_path_floder/remoter/components/libraries/24g/20260121/flash\lib2g4_base.a(t1001_t1002_chip_radio.o)
                0x10001f1c                RF_OnChip_Init
 .text.omw_clkcal_poll_corner
                0x1000230a       0x9c D:/english_path_floder/remoter/components/libraries/24g/20260121/flash\lib2g4_base.a(t1001_t1002_rf_cal.o)
                0x1000230a                omw_clkcal_poll_corner
 .text.disable_gpadc
                0x100023a6       0x1e D:/english_path_floder/remoter/components/libraries/24g/20260121/flash\lib2g4_base.a(t1001_t1002_rf_cal.o)
                0x100023a6                disable_gpadc
 .text.get_vtrim
                0x100023c4       0x2a D:/english_path_floder/remoter/components/libraries/24g/20260121/flash\lib2g4_base.a(t1001_t1002_rf_cal.o)
                0x100023c4                get_vtrim
 .text.get_corner_offset
                0x100023ee       0x72 D:/english_path_floder/remoter/components/libraries/24g/20260121/flash\lib2g4_base.a(t1001_t1002_rf_cal.o)
                0x100023ee                get_corner_offset
 .text.omw_rf_cal
                0x10002460      0x200 D:/english_path_floder/remoter/components/libraries/24g/20260121/flash\lib2g4_base.a(t1001_t1002_rf_cal.o)
                0x10002460                omw_rf_cal
 .text.start_adc_cap
                0x10002660       0x7a D:/english_path_floder/remoter/components/libraries/24g/20260121/flash\lib2g4_base.a(t1001_t1002_dcoc_calib.o)
                0x10002660                start_adc_cap
 .text.get_dc_info_iq
                0x100026da       0xfa D:/english_path_floder/remoter/components/libraries/24g/20260121/flash\lib2g4_base.a(t1001_t1002_dcoc_calib.o)
                0x100026da                get_dc_info_iq
 .text.rf_dcoc_calib_iq_bq
                0x100027d4      0x10c D:/english_path_floder/remoter/components/libraries/24g/20260121/flash\lib2g4_base.a(t1001_t1002_dcoc_calib.o)
                0x100027d4                rf_dcoc_calib_iq_bq
 .text.omw_rf_dcoc_cal
                0x100028e0       0xd6 D:/english_path_floder/remoter/components/libraries/24g/20260121/flash\lib2g4_base.a(t1001_t1002_dcoc_calib.o)
                0x100028e0                omw_rf_dcoc_cal
 .text.adv_channel_idx_to_channel_num
                0x100029b6       0x4a D:/english_path_floder/remoter/components/libraries/24g/20260121/flash\librf2g4.a(24g_comp_api_rf_2g4.o)
                0x100029b6                adv_channel_idx_to_channel_num
 .text.rf_2g4_tx_data
                0x10002a00       0xb2 D:/english_path_floder/remoter/components/libraries/24g/20260121/flash\librf2g4.a(24g_comp_api_rf_2g4.o)
                0x10002a00                rf_2g4_tx_data
 .text.rf_2g4_rx_handler
                0x10002ab2        0x2 D:/english_path_floder/remoter/components/libraries/24g/20260121/flash\librf2g4.a(24g_comp_api_rf_2g4.o)
                0x10002ab2                rf_2g4_rx_handler
 .text.rf_2g4_set_tx_power
                0x10002ab4       0x2a D:/english_path_floder/remoter/components/libraries/24g/20260121/flash\librf2g4.a(24g_comp_api_rf_2g4.o)
                0x10002ab4                rf_2g4_set_tx_power
 .text.rf_set_rx_timeout_val
                0x10002ade       0x12 D:/english_path_floder/remoter/components/libraries/24g/20260121/flash\librf2g4.a(24g_comp_api_rf_2g4.o)
                0x10002ade                rf_set_rx_timeout_val
 .text.rf_2g4_init
                0x10002af0      0x114 D:/english_path_floder/remoter/components/libraries/24g/20260121/flash\librf2g4.a(24g_comp_api_rf_2g4.o)
                0x10002af0                rf_2g4_init
 .text.t1001_sleep_restore_uart_reg_info
                0x10002c04       0x70 D:/english_path_floder/remoter/components/libraries/24g/20260121/flash\librf2g4.a(24g_comp_api_sleep_wakeup.o)
                0x10002c04                t1001_sleep_restore_uart_reg_info
 .text.enter_sleep_mode
                0x10002c74      0x1ce D:/english_path_floder/remoter/components/libraries/24g/20260121/flash\librf2g4.a(24g_comp_api_sleep_wakeup.o)
                0x10002c74                enter_sleep_mode
 *fill*         0x10002e42        0x2 
 .text          0x10002e44       0x16 d:/app/C-Sky/CDKRepo/Toolchain/XTGccElfNewlib/V3.4.0/R/bin/../lib/gcc/riscv64-unknown-elf/14.3.0/../../../../riscv64-unknown-elf/lib/rv32emc/ilp32e\libc_nano.a(lib_a-memcpy-asm.o)
                0x10002e44                memcpy
 *fill*         0x10002e5a        0x2 
 .text          0x10002e5c       0x12 d:/app/C-Sky/CDKRepo/Toolchain/XTGccElfNewlib/V3.4.0/R/bin/../lib/gcc/riscv64-unknown-elf/14.3.0/../../../../riscv64-unknown-elf/lib/rv32emc/ilp32e\libc_nano.a(lib_a-memset.o)
                0x10002e5c                memset
 *(.init)
 *(.fini)
 *crtbegin.o(.ctors)
 *crtbegin?.o(.ctors)
 *(EXCLUDE_FILE(*crtend.o *crtend?.o) .ctors)
 *(SORT_BY_NAME(.ctors.*))
 *(.ctors)
 *crtbegin.o(.dtors)
 *crtbegin?.o(.dtors)
 *(EXCLUDE_FILE(*crtend.o *crtend?.o) .dtors)
 *(SORT_BY_NAME(.dtors.*))
 *(.dtors)
 *(.rodata*)
 *fill*         0x10002e6e        0x2 
 .rodata.str1.4
                0x10002e70      0x2d9 C:\Users\PC\AppData\Local\Temp\ccBBZWlV.ltrans0.ltrans.o
 *fill*         0x10003149        0x3 
 .rodata        0x1000314c      0x4ee C:\Users\PC\AppData\Local\Temp\ccBBZWlV.ltrans0.ltrans.o
 *fill*         0x1000363a        0x2 
 .rodata.freq_ratios
                0x1000363c        0xb D:/english_path_floder/remoter/components/libraries/24g/20260121/flash\lib2g4_base.a(t1001_t1001_2g4.o)
 *fill*         0x10003647        0x1 
 .rodata.rssi_thresholds
                0x10003648        0xc D:/english_path_floder/remoter/components/libraries/24g/20260121/flash\lib2g4_base.a(t1001_t1002_rf_cal.o)
                0x10003648                rssi_thresholds
 .rodata.addr_list
                0x10003654       0x40 D:/english_path_floder/remoter/components/libraries/24g/20260121/flash\librf2g4.a(24g_comp_api_sleep_wakeup.o)
 *(.eh_frame*)
                0x10003694                        __exidx_end = .

.rela.dyn       0x10003694        0x0
 .rela.text.init
                0x10003694        0x0 D:/english_path_floder/remoter/components/libraries\libstartlib.a(E902_crt0.o)
 .rela.text.ram_init
                0x10003694        0x0 D:/english_path_floder/remoter/components/libraries\libstartlib.a(E902_crt0.o)
 .rela.data.__VECTOR_TABLE
                0x10003694        0x0 D:/english_path_floder/remoter/components/libraries\libstartlib.a(E902_crt0.o)

.copy.table     0x10003694        0xc
                0x10003694                        . = ALIGN (0x4)
                0x10003694                        __copy_table_start__ = .
                0x10003694        0x4 LONG 0x100036a8 __etext
                0x10003698        0x4 LONG 0x20000000 __data_start__
                0x1000369c        0x4 LONG 0x630 ((__data_end__ - __data_start__) / 0x4)
                0x100036a0                        __copy_table_end__ = .

.zero.table     0x100036a0        0x8
                0x100036a0                        . = ALIGN (0x4)
                0x100036a0                        __zero_table_start__ = .
                0x100036a0        0x4 LONG 0x200018c0 __bss_start__
                0x100036a4        0x4 LONG 0xa9 ((__bss_end__ - __bss_start__) / 0x4)
                0x100036a8                        __zero_table_end__ = .
                0x100036a8                        __etext = ALIGN (0x4)

.data           0x20000000     0x18c0 load address 0x100036a8
                0x20000000                        __data_start__ = .
 *(.data.__VECTOR_TABLE)
 .data.__VECTOR_TABLE
                0x20000000       0xc0 D:/english_path_floder/remoter/components/libraries\libstartlib.a(E902_startup.o)
                0x20000000                __VECTOR_TABLE
 *(vtable)
 *(.data)
 *(.data.*)
 .data.is_rx    0x200000c0        0x1 D:/english_path_floder/remoter/components/libraries/24g/20260121/flash\lib2g4_base.a(t1001_t1001_2g4.o)
 *fill*         0x200000c1        0x3 
 .data.reversed_access
                0x200000c4        0x4 D:/english_path_floder/remoter/components/libraries/24g/20260121/flash\lib2g4_base.a(t1001_t1001_2g4.o)
                0x200000c4                reversed_access
 .data.rf_2g4_call_desc_list_rx
                0x200000c8       0x30 D:/english_path_floder/remoter/components/libraries/24g/20260121/flash\lib2g4_base.a(t1001_t1001_2g4.o)
                0x200000c8                rf_2g4_call_desc_list_rx
 .data.rf_2g4_call_desc_list_tx
                0x200000f8       0x30 D:/english_path_floder/remoter/components/libraries/24g/20260121/flash\lib2g4_base.a(t1001_t1001_2g4.o)
                0x200000f8                rf_2g4_call_desc_list_tx
 .data.rf_2g4_common_desc_pll_delay
                0x20000128        0x8 D:/english_path_floder/remoter/components/libraries/24g/20260121/flash\lib2g4_base.a(t1001_t1001_2g4.o)
 .data.rf_call_desc_list_rx_process
                0x20000130       0x60 D:/english_path_floder/remoter/components/libraries/24g/20260121/flash\lib2g4_base.a(t1001_t1001_2g4_radio.o)
                0x20000130                rf_call_desc_list_rx_process
 .data.rf_call_desc_list_tx_process
                0x20000190       0x80 D:/english_path_floder/remoter/components/libraries/24g/20260121/flash\lib2g4_base.a(t1001_t1001_2g4_radio.o)
                0x20000190                rf_call_desc_list_tx_process
 .data.rf_common_desc_coded_recal
                0x20000210       0x10 D:/english_path_floder/remoter/components/libraries/24g/20260121/flash\lib2g4_base.a(t1001_t1001_2g4_radio.o)
                0x20000210                rf_common_desc_coded_recal
 .data.rf_common_desc_mdm_off
                0x20000220        0x8 D:/english_path_floder/remoter/components/libraries/24g/20260121/flash\lib2g4_base.a(t1001_t1001_2g4_radio.o)
                0x20000220                rf_common_desc_mdm_off
 .data.rf_common_desc_mdm_rxon
                0x20000228        0x8 D:/english_path_floder/remoter/components/libraries/24g/20260121/flash\lib2g4_base.a(t1001_t1001_2g4_radio.o)
                0x20000228                rf_common_desc_mdm_rxon
 .data.rf_common_desc_mdm_txoff
                0x20000230        0x8 D:/english_path_floder/remoter/components/libraries/24g/20260121/flash\lib2g4_base.a(t1001_t1001_2g4_radio.o)
                0x20000230                rf_common_desc_mdm_txoff
 .data.rf_common_desc_resetmdm
                0x20000238        0x8 D:/english_path_floder/remoter/components/libraries/24g/20260121/flash\lib2g4_base.a(t1001_t1001_2g4_radio.o)
                0x20000238                rf_common_desc_resetmdm
 .data.rf_common_desc_rf_off
                0x20000240        0x8 D:/english_path_floder/remoter/components/libraries/24g/20260121/flash\lib2g4_base.a(t1001_t1001_2g4_radio.o)
                0x20000240                rf_common_desc_rf_off
 .data.rf_common_desc_rf_rxon
                0x20000248        0x8 D:/english_path_floder/remoter/components/libraries/24g/20260121/flash\lib2g4_base.a(t1001_t1001_2g4_radio.o)
                0x20000248                rf_common_desc_rf_rxon
 .data.rf_common_desc_rf_tx_dac_off
                0x20000250       0x10 D:/english_path_floder/remoter/components/libraries/24g/20260121/flash\lib2g4_base.a(t1001_t1001_2g4_radio.o)
                0x20000250                rf_common_desc_rf_tx_dac_off
 .data.rf_common_desc_rf_tx_dac_on
                0x20000260        0x8 D:/english_path_floder/remoter/components/libraries/24g/20260121/flash\lib2g4_base.a(t1001_t1001_2g4_radio.o)
                0x20000260                rf_common_desc_rf_tx_dac_on
 .data.rf_common_desc_rf_tx_pa_off
                0x20000268        0x8 D:/english_path_floder/remoter/components/libraries/24g/20260121/flash\lib2g4_base.a(t1001_t1001_2g4_radio.o)
                0x20000268                rf_common_desc_rf_tx_pa_off
 .data.rf_common_desc_rf_tx_pa_on
                0x20000270        0x8 D:/english_path_floder/remoter/components/libraries/24g/20260121/flash\lib2g4_base.a(t1001_t1001_2g4_radio.o)
                0x20000270                rf_common_desc_rf_tx_pa_on
 .data.rf_common_desc_setfreq
                0x20000278       0x18 D:/english_path_floder/remoter/components/libraries/24g/20260121/flash\lib2g4_base.a(t1001_t1001_2g4_radio.o)
                0x20000278                rf_common_desc_setfreq
 .data.rf_common_desc_tx_carrier
                0x20000290        0x8 D:/english_path_floder/remoter/components/libraries/24g/20260121/flash\lib2g4_base.a(t1001_t1001_2g4_radio.o)
                0x20000290                rf_common_desc_tx_carrier
 .data.rf_common_desc_tx_end_delay
                0x20000298        0x8 D:/english_path_floder/remoter/components/libraries/24g/20260121/flash\lib2g4_base.a(t1001_t1001_2g4_radio.o)
                0x20000298                rf_common_desc_tx_end_delay
 .data.dynamic_agc_ctrl_status
                0x200002a0        0x1 D:/english_path_floder/remoter/components/libraries/24g/20260121/flash\lib2g4_base.a(t1001_t1002_chip_radio.o)
 *fill*         0x200002a1        0x3 
 .data.g_lp     0x200002a4        0x3 D:/english_path_floder/remoter/components/libraries/24g/20260121/flash\lib2g4_base.a(t1001_t1002_chip_radio.o)
                0x200002a4                g_lp
 *fill*         0x200002a7        0x1 
 .data.rf_common_desc_mdm_txon_ext
                0x200002a8       0x18 D:/english_path_floder/remoter/components/libraries/24g/20260121/flash\lib2g4_base.a(t1001_t1002_chip_radio.o)
                0x200002a8                rf_common_desc_mdm_txon_ext
 .data.rf_common_desc_pll_on_3
                0x200002c0       0x50 D:/english_path_floder/remoter/components/libraries/24g/20260121/flash\lib2g4_base.a(t1001_t1002_chip_radio.o)
                0x200002c0                rf_common_desc_pll_on_3
 .data.rf_common_desc_rfpll_off
                0x20000310       0x38 D:/english_path_floder/remoter/components/libraries/24g/20260121/flash\lib2g4_base.a(t1001_t1002_chip_radio.o)
                0x20000310                rf_common_desc_rfpll_off
 .data.rf_common_desc_rfrx_off
                0x20000348       0x20 D:/english_path_floder/remoter/components/libraries/24g/20260121/flash\lib2g4_base.a(t1001_t1002_chip_radio.o)
                0x20000348                rf_common_desc_rfrx_off
 .data.rf_common_desc_rfrx_on
                0x20000368       0x20 D:/english_path_floder/remoter/components/libraries/24g/20260121/flash\lib2g4_base.a(t1001_t1002_chip_radio.o)
                0x20000368                rf_common_desc_rfrx_on
 .data.rf_common_desc_rftx_off
                0x20000388       0x18 D:/english_path_floder/remoter/components/libraries/24g/20260121/flash\lib2g4_base.a(t1001_t1002_chip_radio.o)
                0x20000388                rf_common_desc_rftx_off
 .data.rf_common_desc_rftx_on
                0x200003a0       0x10 D:/english_path_floder/remoter/components/libraries/24g/20260121/flash\lib2g4_base.a(t1001_t1002_chip_radio.o)
                0x200003a0                rf_common_desc_rftx_on
 .data.rf_common_desc_rx_setfreq
                0x200003b0       0x90 D:/english_path_floder/remoter/components/libraries/24g/20260121/flash\lib2g4_base.a(t1001_t1002_chip_radio.o)
                0x200003b0                rf_common_desc_rx_setfreq
 .data.rf_common_desc_tx_setfreq
                0x20000440       0x98 D:/english_path_floder/remoter/components/libraries/24g/20260121/flash\lib2g4_base.a(t1001_t1002_chip_radio.o)
                0x20000440                rf_common_desc_tx_setfreq
 .data.rf_pwr_lvl_map_0
                0x200004d8       0x4a D:/english_path_floder/remoter/components/libraries/24g/20260121/flash\lib2g4_base.a(t1001_t1002_chip_radio.o)
                0x200004d8                rf_pwr_lvl_map_0
 *fill*         0x20000522        0x2 
 .data.rf_pwr_lvl_map_1
                0x20000524        0x6 D:/english_path_floder/remoter/components/libraries/24g/20260121/flash\lib2g4_base.a(t1001_t1002_chip_radio.o)
                0x20000524                rf_pwr_lvl_map_1
 .data.rf_wb_sat_th
                0x2000052a        0x1 D:/english_path_floder/remoter/components/libraries/24g/20260121/flash\lib2g4_base.a(t1001_t1002_chip_radio.o)
 *fill*         0x2000052b        0x1 
 .data.rf_desc_dcoc_calib_rx_off
                0x2000052c       0x18 D:/english_path_floder/remoter/components/libraries/24g/20260121/flash\lib2g4_base.a(t1001_t1002_dcoc_calib.o)
                0x2000052c                rf_desc_dcoc_calib_rx_off
 .data.rf_desc_dcoc_calib_rx_on
                0x20000544       0x38 D:/english_path_floder/remoter/components/libraries/24g/20260121/flash\lib2g4_base.a(t1001_t1002_dcoc_calib.o)
                0x20000544                rf_desc_dcoc_calib_rx_on
 .data.cr_regs_addr_list
                0x2000057c       0x58 D:/english_path_floder/remoter/components/libraries/24g/20260121/flash\lib2g4_base.a(t1001_t1001_sleep_cr_2g4.o)
                0x2000057c                cr_regs_addr_list
 .data.gpio_vdd_pin1
                0x200005d4        0x1 D:/english_path_floder/remoter/components/libraries/24g/20260121/flash\lib2g4_base.a(t1001_t1001_sleep_cr_2g4.o)
                0x200005d4                gpio_vdd_pin1
 .data.gpio_vdd_pin2
                0x200005d5        0x1 D:/english_path_floder/remoter/components/libraries/24g/20260121/flash\lib2g4_base.a(t1001_t1001_sleep_cr_2g4.o)
                0x200005d5                gpio_vdd_pin2
 .data.adv_channel_idx
                0x200005d6        0x2 D:/english_path_floder/remoter/components/libraries/24g/20260121/flash\librf2g4.a(24g_comp_api_rf_2g4.o)
                0x200005d6                adv_channel_idx
 .data.rf_2g4_rx_data_length
                0x200005d8        0x2 D:/english_path_floder/remoter/components/libraries/24g/20260121/flash\librf2g4.a(24g_comp_api_rf_2g4.o)
                0x200005d8                rf_2g4_rx_data_length
 .data.whiten_chl
                0x200005da        0x1 D:/english_path_floder/remoter/components/libraries/24g/20260121/flash\librf2g4.a(24g_comp_api_rf_2g4.o)
                0x200005da                whiten_chl
 *fill*         0x200005db        0x1 
 .data.otp_init
                0x200005dc        0x4 D:/english_path_floder/remoter/components/libraries/24g/20260121/flash\librf2g4.a(24g_comp_api_sleep_wakeup.o)
                0x200005dc                otp_init
 .data.uart_addr_idx_list
                0x200005e0        0x8 D:/english_path_floder/remoter/components/libraries/24g/20260121/flash\librf2g4.a(24g_comp_api_sleep_wakeup.o)
                0x200005e0                uart_addr_idx_list
                0x200005e8                        . = ALIGN (0x4)
                [!provide]                        PROVIDE (__preinit_array_start = .)
 *(.preinit_array)
                [!provide]                        PROVIDE (__preinit_array_end = .)
                0x200005e8                        . = ALIGN (0x4)
                [!provide]                        PROVIDE (__init_array_start = .)
 *(SORT_BY_NAME(.init_array.*))
 *(.init_array)
                [!provide]                        PROVIDE (__init_array_end = .)
                0x200005e8                        . = ALIGN (0x4)
                [!provide]                        PROVIDE (__fini_array_start = .)
 *(SORT_BY_NAME(.fini_array.*))
 *(.fini_array)
                [!provide]                        PROVIDE (__fini_array_end = .)
 *(.jcr*)
 *(.ram_code_section .ram_code_section.*)
 .ram_code_section
                0x200005e8       0x3a C:\Users\PC\AppData\Local\Temp\ccBBZWlV.ltrans0.ltrans.o
                0x200005e8                sleep_wakeup_handler
                0x200005ec                RADIO_DMA_Handler
 .ram_code_section
                0x20000622       0x98 D:/english_path_floder/remoter/components/libraries\libstartlib.a(E902_startup.o)
                0x20000622                poweron_unused_gpio_mask_parse_and_set
                0x20000686                delay_us
                0x200006a6                delay_ms
 .ram_code_section
                0x200006ba      0x63c D:/english_path_floder/remoter/components/libraries/24g/20260121/flash\lib2g4_base.a(t1001_t1001_2g4.o)
                0x200006e4                omw_svc_2g4_update_rx_to
                0x200006fa                omw_svc_2g4_set_access_word
                0x200007aa                omw_svc_2g4_get_sync_time
                0x200007b2                omw_svc_2g4_get_pend_time
                0x200007ba                omw_svc_24g_is_txrx_idle
                0x200007c8                omw_svc_24g_sync_end
                0x200007ca                RF_2G4_RADIO_Handler
                0x200009e0                omw_svc_2g4_rx_data
                0x20000a72                omw_svc_2g4_tx_data
                0x20000b10                omw_svc_2g4_en_whiten_tx
                0x20000b36                omw_svc_2g4_en_whiten_rx
                0x20000b5c                omw_svc_2g4_set_idle
                0x20000bc8                RADIO_DescInit_Freq
 .ram_code_section
                0x20000cf6        0xe D:/english_path_floder/remoter/components/libraries/24g/20260121/flash\lib2g4_base.a(t1001_t1001_2g4_radio.o)
                0x20000cf6                RADIO_CommonDescInit_SetFreq
 .ram_code_section
                0x20000d04      0x6ce D:/english_path_floder/remoter/components/libraries/24g/20260121/flash\lib2g4_base.a(t1001_t1002_chip_radio.o)
                0x20000e3a                _rf_kvco_read_y
                0x20000e8c                trigger_gpadc_temp_sampling
                0x20000eda                start_await_dma
                0x20000f06                calc_hp_offset_at_curr_temp
                0x20000ff4                RF_OnChip_Cfg_KVCO_Cal_val
                0x20001168                RF_OnChip_Corner_Cal_Cfg
                0x20001174                RF_OnChip_DCOC_Cal_Bw_Cfg
                0x2000118a                RF_OnChip_DCOC_Cal_Cfg
                0x200011de                RF_OnChip_RC_Cal_Cfg
                0x200011e0                RF_OnChip_KVCO_Cal_Cfg
                0x200011e2                RF_OnChip_Base_Init
                0x20001298                RF_OnChip_Cali_Cfg
                0x200012a6                dynamic_agc_info_get2
 .ram_code_section
                0x200013d2       0x82 D:/english_path_floder/remoter/components/libraries/24g/20260121/flash\lib2g4_base.a(t1001_t1002_rf_cal.o)
                0x200013d2                omw_rf_cal_apply_core
 .ram_code_section
                0x20001454      0x26e D:/english_path_floder/remoter/components/libraries/24g/20260121/flash\lib2g4_base.a(t1001_t1001_sleep_cr_2g4.o)
                0x20001454                System_Pwr_Cfg
                0x2000146e                t1001_sleep_restore_reg_info
                0x200014a8                omw_sleep_set_sleep_len
                0x200014c0                T1001_ChipSleepCriticalWork
 .ram_code_section
                0x200016c2       0xb6 D:/english_path_floder/remoter/components/libraries/24g/20260121/flash\librf2g4.a(24g_comp_api_rf_2g4.o)
                0x200016c2                omw_svc_24g_tx_end
                0x200016d6                omw_svc_24g_rx_end
 .ram_code_section
                0x20001778       0xc4 D:/english_path_floder/remoter/components/libraries/24g/20260121/flash\librf2g4.a(24g_comp_api_sleep_wakeup.o)
                0x20001778                flash_power_off
                0x2000178e                qspi_regs_restore
                0x200017b6                gpio_regs_restore_before_rel_gpio_hold
                0x200017d0                unused_gpio_mask_parse_and_set
                0x20001828                omw_sleep_wkup_worker
 *(.context_switch .context_switch.*)
 .context_switch
                0x2000183c       0x82 D:/english_path_floder/remoter/components/libraries\libstartlib.a(E902_context_switch.o)
                0x2000183c                CS_contextSave
                0x20001884                CS_contextRestore
                0x200018c0                        . = ALIGN (0x4)
 *fill*         0x200018be        0x2 
                0x200018c0                        __data_end__ = .

.bss            0x200018c0      0x2a4
                0x200018c0                        . = ALIGN (0x4)
                0x200018c0                        __bss_start__ = .
 *(.bss)
 .bss           0x200018c0       0xa2 C:\Users\PC\AppData\Local\Temp\ccBBZWlV.ltrans0.ltrans.o
 *(.bss.*)
 *fill*         0x20001962        0x2 
 .bss.g_otp_cfg
                0x20001964       0x48 D:/english_path_floder/remoter/components/libraries\libstartlib.a(E902_otp_cfg.o)
                0x20001964                g_otp_cfg
 .bss.autolen_pkt_desc_offset
                0x200019ac        0x1 D:/english_path_floder/remoter/components/libraries/24g/20260121/flash\lib2g4_base.a(t1001_t1001_2g4.o)
                0x200019ac                autolen_pkt_desc_offset
 .bss.cur_whiten_desc_rx_ed
                0x200019ad        0x1 D:/english_path_floder/remoter/components/libraries/24g/20260121/flash\lib2g4_base.a(t1001_t1001_2g4.o)
 .bss.cur_whiten_desc_rx_st
                0x200019ae        0x1 D:/english_path_floder/remoter/components/libraries/24g/20260121/flash\lib2g4_base.a(t1001_t1001_2g4.o)
 .bss.cur_whiten_desc_tx_ed
                0x200019af        0x1 D:/english_path_floder/remoter/components/libraries/24g/20260121/flash\lib2g4_base.a(t1001_t1001_2g4.o)
 .bss.cur_whiten_desc_tx_st
                0x200019b0        0x1 D:/english_path_floder/remoter/components/libraries/24g/20260121/flash\lib2g4_base.a(t1001_t1001_2g4.o)
 .bss.is_dma_busy
                0x200019b1        0x1 D:/english_path_floder/remoter/components/libraries/24g/20260121/flash\lib2g4_base.a(t1001_t1001_2g4.o)
                0x200019b1                is_dma_busy
 .bss.is_sync   0x200019b2        0x1 D:/english_path_floder/remoter/components/libraries/24g/20260121/flash\lib2g4_base.a(t1001_t1001_2g4.o)
 *fill*         0x200019b3        0x1 
 .bss.rf_2g4_fifo
                0x200019b4        0x4 D:/english_path_floder/remoter/components/libraries/24g/20260121/flash\lib2g4_base.a(t1001_t1001_2g4.o)
                0x200019b4                rf_2g4_fifo
 .bss.rf_2g4_mgr
                0x200019b8       0x3b D:/english_path_floder/remoter/components/libraries/24g/20260121/flash\lib2g4_base.a(t1001_t1001_2g4.o)
                0x200019b8                rf_2g4_mgr
 *fill*         0x200019f3        0x1 
 .bss.rf_2g4_preamble
                0x200019f4       0x10 D:/english_path_floder/remoter/components/libraries/24g/20260121/flash\lib2g4_base.a(t1001_t1001_2g4.o)
 .bss.rf_2g4_rx_pkt_desc
                0x20001a04       0x40 D:/english_path_floder/remoter/components/libraries/24g/20260121/flash\lib2g4_base.a(t1001_t1001_2g4.o)
                0x20001a04                rf_2g4_rx_pkt_desc
 .bss.rf_2g4_thld
                0x20001a44        0x4 D:/english_path_floder/remoter/components/libraries/24g/20260121/flash\lib2g4_base.a(t1001_t1001_2g4.o)
                0x20001a44                rf_2g4_thld
 .bss.rf_2g4_trans_len
                0x20001a48        0x2 D:/english_path_floder/remoter/components/libraries/24g/20260121/flash\lib2g4_base.a(t1001_t1001_2g4.o)
 *fill*         0x20001a4a        0x2 
 .bss.rf_2g4_tx_pkt_desc
                0x20001a4c       0x40 D:/english_path_floder/remoter/components/libraries/24g/20260121/flash\lib2g4_base.a(t1001_t1001_2g4.o)
                0x20001a4c                rf_2g4_tx_pkt_desc
 .bss.rf_2g4_wait_ack
                0x20001a8c        0x1 D:/english_path_floder/remoter/components/libraries/24g/20260121/flash\lib2g4_base.a(t1001_t1001_2g4.o)
 *fill*         0x20001a8d        0x3 
 .bss.rf_stop_desc
                0x20001a90        0x4 D:/english_path_floder/remoter/components/libraries/24g/20260121/flash\lib2g4_base.a(t1001_t1001_2g4.o)
                0x20001a90                rf_stop_desc
 .bss.rssi      0x20001a94        0x4 D:/english_path_floder/remoter/components/libraries/24g/20260121/flash\lib2g4_base.a(t1001_t1001_2g4.o)
                0x20001a94                rssi
 .bss.rx_gain   0x20001a98        0x4 D:/english_path_floder/remoter/components/libraries/24g/20260121/flash\lib2g4_base.a(t1001_t1001_2g4.o)
                0x20001a98                rx_gain
 .bss.rf_common_desc_modem_rx
                0x20001a9c       0x18 D:/english_path_floder/remoter/components/libraries/24g/20260121/flash\lib2g4_base.a(t1001_t1001_2g4_radio.o)
                0x20001a9c                rf_common_desc_modem_rx
 .bss.rf_common_desc_modem_tx
                0x20001ab4       0x18 D:/english_path_floder/remoter/components/libraries/24g/20260121/flash\lib2g4_base.a(t1001_t1001_2g4_radio.o)
                0x20001ab4                rf_common_desc_modem_tx
 .bss.rf_tx_carrier
                0x20001acc        0x1 D:/english_path_floder/remoter/components/libraries/24g/20260121/flash\lib2g4_base.a(t1001_t1001_2g4_radio.o)
 *fill*         0x20001acd        0x3 
 .bss.aon_tick.0
                0x20001ad0        0x4 D:/english_path_floder/remoter/components/libraries/24g/20260121/flash\lib2g4_base.a(t1001_t1002_chip_radio.o)
 .bss.cur_bw    0x20001ad4        0x1 D:/english_path_floder/remoter/components/libraries/24g/20260121/flash\lib2g4_base.a(t1001_t1002_chip_radio.o)
                0x20001ad4                cur_bw
 *fill*         0x20001ad5        0x3 
 .bss.g_hp      0x20001ad8        0x9 D:/english_path_floder/remoter/components/libraries/24g/20260121/flash\lib2g4_base.a(t1001_t1002_chip_radio.o)
                0x20001ad8                g_hp
 *fill*         0x20001ae1        0x3 
 .bss.g_hp_offset
                0x20001ae4        0x4 D:/english_path_floder/remoter/components/libraries/24g/20260121/flash\lib2g4_base.a(t1001_t1002_chip_radio.o)
                0x20001ae4                g_hp_offset
 .bss.is_add_rf_aon_adda_vc
                0x20001ae8        0x1 D:/english_path_floder/remoter/components/libraries/24g/20260121/flash\lib2g4_base.a(t1001_t1002_chip_radio.o)
 .bss.is_high_perf
                0x20001ae9        0x1 D:/english_path_floder/remoter/components/libraries/24g/20260121/flash\lib2g4_base.a(t1001_t1002_chip_radio.o)
                0x20001ae9                is_high_perf
 *fill*         0x20001aea        0x2 
 .bss.g_rf_cfg  0x20001aec       0x20 D:/english_path_floder/remoter/components/libraries/24g/20260121/flash\lib2g4_base.a(t1001_t1002_rf_cal.o)
                0x20001aec                g_rf_cfg
 .bss.g_save_buf
                0x20001b0c        0x4 D:/english_path_floder/remoter/components/libraries/24g/20260121/flash\lib2g4_base.a(t1001_t1001_sleep_cr_2g4.o)
 .bss.has_flash
                0x20001b10        0x1 D:/english_path_floder/remoter/components/libraries/24g/20260121/flash\lib2g4_base.a(t1001_t1001_sleep_cr_2g4.o)
                0x20001b10                has_flash
 .bss.has_otp   0x20001b11        0x1 D:/english_path_floder/remoter/components/libraries/24g/20260121/flash\lib2g4_base.a(t1001_t1001_sleep_cr_2g4.o)
                0x20001b11                has_otp
 *fill*         0x20001b12        0x2 
 .bss.slp_tm_rtc_cyls
                0x20001b14        0x4 D:/english_path_floder/remoter/components/libraries/24g/20260121/flash\lib2g4_base.a(t1001_t1001_sleep_cr_2g4.o)
                0x20001b14                slp_tm_rtc_cyls
 .bss.current_tx_rx_switch_flag
                0x20001b18        0x1 D:/english_path_floder/remoter/components/libraries/24g/20260121/flash\librf2g4.a(24g_comp_api_rf_2g4.o)
                0x20001b18                current_tx_rx_switch_flag
 *fill*         0x20001b19        0x3 
 .bss.ptr_rx_data
                0x20001b1c        0x4 D:/english_path_floder/remoter/components/libraries/24g/20260121/flash\librf2g4.a(24g_comp_api_rf_2g4.o)
                0x20001b1c                ptr_rx_data
 .bss.rf_2g4_para
                0x20001b20        0x4 D:/english_path_floder/remoter/components/libraries/24g/20260121/flash\librf2g4.a(24g_comp_api_rf_2g4.o)
                0x20001b20                rf_2g4_para
 .bss.rf_2g4_rx_data_buf
                0x20001b24       0x27 D:/english_path_floder/remoter/components/libraries/24g/20260121/flash\librf2g4.a(24g_comp_api_rf_2g4.o)
                0x20001b24                rf_2g4_rx_data_buf
 *fill*         0x20001b4b        0x1 
 .bss.rf_current_power
                0x20001b4c        0x4 D:/english_path_floder/remoter/components/libraries/24g/20260121/flash\librf2g4.a(24g_comp_api_rf_2g4.o)
                0x20001b4c                rf_current_power
 .bss.rx_restart_flag
                0x20001b50        0x1 D:/english_path_floder/remoter/components/libraries/24g/20260121/flash\librf2g4.a(24g_comp_api_rf_2g4.o)
                0x20001b50                rx_restart_flag
 .bss.tx_restart_flag
                0x20001b51        0x1 D:/english_path_floder/remoter/components/libraries/24g/20260121/flash\librf2g4.a(24g_comp_api_rf_2g4.o)
                0x20001b51                tx_restart_flag
 .bss.tx_rx_cfg_mode
                0x20001b52        0x1 D:/english_path_floder/remoter/components/libraries/24g/20260121/flash\librf2g4.a(24g_comp_api_rf_2g4.o)
                0x20001b52                tx_rx_cfg_mode
 *fill*         0x20001b53        0x1 
 .bss.g_save_buf
                0x20001b54        0x4 D:/english_path_floder/remoter/components/libraries/24g/20260121/flash\librf2g4.a(24g_comp_api_sleep_wakeup.o)
 .bss.sleep_wakeup_reason
                0x20001b58        0x4 D:/english_path_floder/remoter/components/libraries/24g/20260121/flash\librf2g4.a(24g_comp_api_sleep_wakeup.o)
                0x20001b58                sleep_wakeup_reason
 .bss.uart0_save_buf
                0x20001b5c        0x4 D:/english_path_floder/remoter/components/libraries/24g/20260121/flash\librf2g4.a(24g_comp_api_sleep_wakeup.o)
 .bss.unused_gpio_mask_when_sleep
                0x20001b60        0x4 D:/english_path_floder/remoter/components/libraries/24g/20260121/flash\librf2g4.a(24g_comp_api_sleep_wakeup.o)
                0x20001b60                unused_gpio_mask_when_sleep
 *(COMMON)
                0x20001b64                        . = ALIGN (0x4)
                0x20001b64                        __bss_end__ = .

.heap           0x20001b64        0x4
                0x20001b68                        . = ALIGN (0x8)
 *fill*         0x20001b64        0x4 
                0x20001b68                        __end__ = .
                [!provide]                        PROVIDE (end = .)
                0x20001b68                        . = (. + __HEAP_SIZE)
                0x20001b68                        . = ALIGN (0x8)
                0x20001b68                        __HeapLimit = .

.stack          0x20003d00      0x300
                0x20003d00                        . = ALIGN (0x8)
                0x20003d00                        __StackLimit = .
                0x20004000                        . = (. + __STACK_SIZE)
 *fill*         0x20003d00      0x300 
                0x20004000                        . = ALIGN (0x8)
                0x20004000                        __StackTop = .
                [!provide]                        PROVIDE (__stack = __StackTop)
                0x00000001                        ASSERT ((__StackLimit >= __HeapLimit), region RAM overflowed with stack)
OUTPUT(Obj/CP8003_REMOTER.elf elf32-littleriscv)

.debug_info     0x00000000    0x1d972
 .debug_info    0x00000000     0x10a8 C:\Users\PC\AppData\Local\Temp\ccBBZWlV.ltrans0.ltrans.o
 .debug_info    0x000010a8     0x15d2 C:\Users\PC\AppData\Local\Temp\ccsRIWyG.debug.temp.o
                0x000010a8                main.c.479021b4
 .debug_info    0x0000267a       0x83 C:\Users\PC\AppData\Local\Temp\ccSFC9zG.debug.temp.o
                0x0000267a                app_isr.c.c8677370
 .debug_info    0x000026fd      0x431 C:\Users\PC\AppData\Local\Temp\cciuwmBG.debug.temp.o
                0x000026fd                rmt_key_config.c.875d060d
 .debug_info    0x00002b2e      0x5a9 C:\Users\PC\AppData\Local\Temp\cc4VSKYG.debug.temp.o
                0x00002b2e                app_remoter.c.bf7187db
 .debug_info    0x000030d7      0x8e5 C:\Users\PC\AppData\Local\Temp\ccQnf9lH.debug.temp.o
                0x000030d7                app_viot_handler.c.f5fb0129
 .debug_info    0x000039bc      0x2d5 C:\Users\PC\AppData\Local\Temp\ccCPBxJH.debug.temp.o
                0x000039bc                key_process.c.a5378c7b
 .debug_info    0x00003c91     0x1d61 C:\Users\PC\AppData\Local\Temp\ccGppzaZ.debug.temp.o
                0x00003c91                driver_gpio.c.6c5ad779
 .debug_info    0x000059f2     0x1d2d C:\Users\PC\AppData\Local\Temp\ccGkU6to.debug.temp.o
                0x000059f2                driver_uart.c.49586b71
 .debug_info    0x0000771f      0xc9b C:\Users\PC\AppData\Local\Temp\ccEhIIAu.debug.temp.o
                0x0000771f                log_dbg.c.59673f20
 .debug_info    0x000083ba      0x2cf C:\Users\PC\AppData\Local\Temp\ccqZsr8w.debug.temp.o
                0x000083ba                hal_clock.c.d738a413
 .debug_info    0x00008689      0x312 C:\Users\PC\AppData\Local\Temp\cccHdaGz.debug.temp.o
                0x00008689                ble_viot.c.543f92a8
 .debug_info    0x0000899b       0x35 D:/english_path_floder/remoter/components/libraries\libstartlib.a(E902_crt0.o)
 .debug_info    0x000089d0      0xd6d D:/english_path_floder/remoter/components/libraries\libstartlib.a(E902_startup.o)
 .debug_info    0x0000973d      0xa71 D:/english_path_floder/remoter/components/libraries\libstartlib.a(E902_otp_cfg.o)
 .debug_info    0x0000a1ae     0x1f84 D:/english_path_floder/remoter/components/libraries/24g/20260121/flash\lib2g4_base.a(drv_omw_clkcal.o)
 .debug_info    0x0000c132     0x3618 D:/english_path_floder/remoter/components/libraries/24g/20260121/flash\lib2g4_base.a(t1001_t1001_2g4.o)
 .debug_info    0x0000f74a     0x3302 D:/english_path_floder/remoter/components/libraries/24g/20260121/flash\lib2g4_base.a(t1001_t1001_2g4_radio.o)
 .debug_info    0x00012a4c     0x5791 D:/english_path_floder/remoter/components/libraries/24g/20260121/flash\lib2g4_base.a(t1001_t1002_chip_radio.o)
 .debug_info    0x000181dd     0x1fbf D:/english_path_floder/remoter/components/libraries/24g/20260121/flash\lib2g4_base.a(t1001_t1002_rf_cal.o)
 .debug_info    0x0001a19c      0x877 D:/english_path_floder/remoter/components/libraries/24g/20260121/flash\lib2g4_base.a(t1001_t1002_dcoc_calib.o)
 .debug_info    0x0001aa13     0x289e D:/english_path_floder/remoter/components/libraries/24g/20260121/flash\lib2g4_base.a(t1001_t1001_sleep_cr_2g4.o)
 .debug_info    0x0001d2b1      0x440 D:/english_path_floder/remoter/components/libraries/24g/20260121/flash\librf2g4.a(24g_comp_api_rf_2g4.o)
 .debug_info    0x0001d6f1      0x281 D:/english_path_floder/remoter/components/libraries/24g/20260121/flash\librf2g4.a(24g_comp_api_sleep_wakeup.o)

.debug_abbrev   0x00000000     0x3471
 .debug_abbrev  0x00000000      0x1e9 C:\Users\PC\AppData\Local\Temp\ccBBZWlV.ltrans0.ltrans.o
 .debug_abbrev  0x000001e9      0x251 C:\Users\PC\AppData\Local\Temp\ccsRIWyG.debug.temp.o
 .debug_abbrev  0x0000043a       0x4a C:\Users\PC\AppData\Local\Temp\ccSFC9zG.debug.temp.o
 .debug_abbrev  0x00000484      0x101 C:\Users\PC\AppData\Local\Temp\cciuwmBG.debug.temp.o
 .debug_abbrev  0x00000585      0x1b6 C:\Users\PC\AppData\Local\Temp\cc4VSKYG.debug.temp.o
 .debug_abbrev  0x0000073b      0x217 C:\Users\PC\AppData\Local\Temp\ccQnf9lH.debug.temp.o
 .debug_abbrev  0x00000952      0x160 C:\Users\PC\AppData\Local\Temp\ccCPBxJH.debug.temp.o
 .debug_abbrev  0x00000ab2      0x29b C:\Users\PC\AppData\Local\Temp\ccGppzaZ.debug.temp.o
 .debug_abbrev  0x00000d4d      0x2dc C:\Users\PC\AppData\Local\Temp\ccGkU6to.debug.temp.o
 .debug_abbrev  0x00001029      0x1a0 C:\Users\PC\AppData\Local\Temp\ccEhIIAu.debug.temp.o
 .debug_abbrev  0x000011c9       0xdc C:\Users\PC\AppData\Local\Temp\ccqZsr8w.debug.temp.o
 .debug_abbrev  0x000012a5      0x113 C:\Users\PC\AppData\Local\Temp\cccHdaGz.debug.temp.o
 .debug_abbrev  0x000013b8       0x21 D:/english_path_floder/remoter/components/libraries\libstartlib.a(E902_crt0.o)
 .debug_abbrev  0x000013d9      0x363 D:/english_path_floder/remoter/components/libraries\libstartlib.a(E902_startup.o)
 .debug_abbrev  0x0000173c      0x15c D:/english_path_floder/remoter/components/libraries\libstartlib.a(E902_otp_cfg.o)
 .debug_abbrev  0x00001898      0x25e D:/english_path_floder/remoter/components/libraries/24g/20260121/flash\lib2g4_base.a(drv_omw_clkcal.o)
 .debug_abbrev  0x00001af6      0x437 D:/english_path_floder/remoter/components/libraries/24g/20260121/flash\lib2g4_base.a(t1001_t1001_2g4.o)
 .debug_abbrev  0x00001f2d      0x37d D:/english_path_floder/remoter/components/libraries/24g/20260121/flash\lib2g4_base.a(t1001_t1001_2g4_radio.o)
 .debug_abbrev  0x000022aa      0x4d8 D:/english_path_floder/remoter/components/libraries/24g/20260121/flash\lib2g4_base.a(t1001_t1002_chip_radio.o)
 .debug_abbrev  0x00002782      0x3e6 D:/english_path_floder/remoter/components/libraries/24g/20260121/flash\lib2g4_base.a(t1001_t1002_rf_cal.o)
 .debug_abbrev  0x00002b68      0x35c D:/english_path_floder/remoter/components/libraries/24g/20260121/flash\lib2g4_base.a(t1001_t1002_dcoc_calib.o)
 .debug_abbrev  0x00002ec4      0x344 D:/english_path_floder/remoter/components/libraries/24g/20260121/flash\lib2g4_base.a(t1001_t1001_sleep_cr_2g4.o)
 .debug_abbrev  0x00003208      0x13c D:/english_path_floder/remoter/components/libraries/24g/20260121/flash\librf2g4.a(24g_comp_api_rf_2g4.o)
 .debug_abbrev  0x00003344      0x12d D:/english_path_floder/remoter/components/libraries/24g/20260121/flash\librf2g4.a(24g_comp_api_sleep_wakeup.o)

.debug_loclists
                0x00000000      0xd75
 .debug_loclists
                0x00000000      0xbf8 C:\Users\PC\AppData\Local\Temp\ccBBZWlV.ltrans0.ltrans.o
 .debug_loclists
                0x00000bf8       0xfc D:/english_path_floder/remoter/components/libraries\libstartlib.a(E902_startup.o)
 .debug_loclists
                0x00000cf4       0x81 D:/english_path_floder/remoter/components/libraries\libstartlib.a(E902_otp_cfg.o)

.debug_aranges  0x00000000      0x730
 .debug_aranges
                0x00000000       0x38 C:\Users\PC\AppData\Local\Temp\ccBBZWlV.ltrans0.ltrans.o
 .debug_aranges
                0x00000038       0x20 D:/english_path_floder/remoter/components/libraries\libstartlib.a(E902_crt0.o)
 .debug_aranges
                0x00000058       0x70 D:/english_path_floder/remoter/components/libraries\libstartlib.a(E902_startup.o)
 .debug_aranges
                0x000000c8       0x28 D:/english_path_floder/remoter/components/libraries\libstartlib.a(E902_otp_cfg.o)
 .debug_aranges
                0x000000f0       0x68 D:/english_path_floder/remoter/components/libraries/24g/20260121/flash\lib2g4_base.a(drv_omw_clkcal.o)
 .debug_aranges
                0x00000158      0x200 D:/english_path_floder/remoter/components/libraries/24g/20260121/flash\lib2g4_base.a(t1001_t1001_2g4.o)
 .debug_aranges
                0x00000358       0x68 D:/english_path_floder/remoter/components/libraries/24g/20260121/flash\lib2g4_base.a(t1001_t1001_2g4_radio.o)
 .debug_aranges
                0x000003c0      0x110 D:/english_path_floder/remoter/components/libraries/24g/20260121/flash\lib2g4_base.a(t1001_t1002_chip_radio.o)
 .debug_aranges
                0x000004d0       0x50 D:/english_path_floder/remoter/components/libraries/24g/20260121/flash\lib2g4_base.a(t1001_t1002_rf_cal.o)
 .debug_aranges
                0x00000520       0x38 D:/english_path_floder/remoter/components/libraries/24g/20260121/flash\lib2g4_base.a(t1001_t1002_dcoc_calib.o)
 .debug_aranges
                0x00000558       0x40 D:/english_path_floder/remoter/components/libraries/24g/20260121/flash\lib2g4_base.a(t1001_t1001_sleep_cr_2g4.o)
 .debug_aranges
                0x00000598      0x118 D:/english_path_floder/remoter/components/libraries/24g/20260121/flash\librf2g4.a(24g_comp_api_rf_2g4.o)
 .debug_aranges
                0x000006b0       0x80 D:/english_path_floder/remoter/components/libraries/24g/20260121/flash\librf2g4.a(24g_comp_api_sleep_wakeup.o)

.debug_rnglists
                0x00000000      0x32b
 .debug_rnglists
                0x00000000      0x28f C:\Users\PC\AppData\Local\Temp\ccBBZWlV.ltrans0.ltrans.o
 .debug_rnglists
                0x0000028f       0x81 D:/english_path_floder/remoter/components/libraries\libstartlib.a(E902_startup.o)
 .debug_rnglists
                0x00000310       0x1b D:/english_path_floder/remoter/components/libraries\libstartlib.a(E902_otp_cfg.o)

.debug_line     0x00000000     0xb667
 .debug_line    0x00000000     0x2237 C:\Users\PC\AppData\Local\Temp\ccBBZWlV.ltrans0.ltrans.o
 .debug_line    0x00002237       0x9e C:\Users\PC\AppData\Local\Temp\ccsRIWyG.debug.temp.o
 .debug_line    0x000022d5       0x3a C:\Users\PC\AppData\Local\Temp\ccSFC9zG.debug.temp.o
 .debug_line    0x0000230f       0x75 C:\Users\PC\AppData\Local\Temp\cciuwmBG.debug.temp.o
 .debug_line    0x00002384       0x7e C:\Users\PC\AppData\Local\Temp\cc4VSKYG.debug.temp.o
 .debug_line    0x00002402       0x87 C:\Users\PC\AppData\Local\Temp\ccQnf9lH.debug.temp.o
 .debug_line    0x00002489       0x75 C:\Users\PC\AppData\Local\Temp\ccCPBxJH.debug.temp.o
 .debug_line    0x000024fe       0x64 C:\Users\PC\AppData\Local\Temp\ccGppzaZ.debug.temp.o
 .debug_line    0x00002562       0x69 C:\Users\PC\AppData\Local\Temp\ccGkU6to.debug.temp.o
 .debug_line    0x000025cb       0x71 C:\Users\PC\AppData\Local\Temp\ccEhIIAu.debug.temp.o
 .debug_line    0x0000263c       0x55 C:\Users\PC\AppData\Local\Temp\ccqZsr8w.debug.temp.o
 .debug_line    0x00002691       0x51 C:\Users\PC\AppData\Local\Temp\cccHdaGz.debug.temp.o
 .debug_line    0x000026e2       0xf7 D:/english_path_floder/remoter/components/libraries\libstartlib.a(E902_crt0.o)
 .debug_line    0x000027d9      0x72d D:/english_path_floder/remoter/components/libraries\libstartlib.a(E902_startup.o)
 .debug_line    0x00002f06      0x5bb D:/english_path_floder/remoter/components/libraries\libstartlib.a(E902_otp_cfg.o)
 .debug_line    0x000034c1      0xa07 D:/english_path_floder/remoter/components/libraries/24g/20260121/flash\lib2g4_base.a(drv_omw_clkcal.o)
 .debug_line    0x00003ec8     0x23e9 D:/english_path_floder/remoter/components/libraries/24g/20260121/flash\lib2g4_base.a(t1001_t1001_2g4.o)
 .debug_line    0x000062b1      0x6b3 D:/english_path_floder/remoter/components/libraries/24g/20260121/flash\lib2g4_base.a(t1001_t1001_2g4_radio.o)
 .debug_line    0x00006964     0x212c D:/english_path_floder/remoter/components/libraries/24g/20260121/flash\lib2g4_base.a(t1001_t1002_chip_radio.o)
 .debug_line    0x00008a90      0x85b D:/english_path_floder/remoter/components/libraries/24g/20260121/flash\lib2g4_base.a(t1001_t1002_rf_cal.o)
 .debug_line    0x000092eb      0x936 D:/english_path_floder/remoter/components/libraries/24g/20260121/flash\lib2g4_base.a(t1001_t1002_dcoc_calib.o)
 .debug_line    0x00009c21      0x678 D:/english_path_floder/remoter/components/libraries/24g/20260121/flash\lib2g4_base.a(t1001_t1001_sleep_cr_2g4.o)
 .debug_line    0x0000a299      0xc92 D:/english_path_floder/remoter/components/libraries/24g/20260121/flash\librf2g4.a(24g_comp_api_rf_2g4.o)
 .debug_line    0x0000af2b      0x73c D:/english_path_floder/remoter/components/libraries/24g/20260121/flash\librf2g4.a(24g_comp_api_sleep_wakeup.o)

.debug_str      0x00000000     0x9194
 .debug_str     0x00000000      0x14d C:\Users\PC\AppData\Local\Temp\ccBBZWlV.ltrans0.ltrans.o
 .debug_str     0x00000000     0x17db C:\Users\PC\AppData\Local\Temp\ccsRIWyG.debug.temp.o
 .debug_str     0x00000000      0x170 C:\Users\PC\AppData\Local\Temp\ccSFC9zG.debug.temp.o
 .debug_str     0x00000000      0xb99 C:\Users\PC\AppData\Local\Temp\cciuwmBG.debug.temp.o
 .debug_str     0x00000000      0xcf1 C:\Users\PC\AppData\Local\Temp\cc4VSKYG.debug.temp.o
 .debug_str     0x00000000      0xf0f C:\Users\PC\AppData\Local\Temp\ccQnf9lH.debug.temp.o
 .debug_str     0x00000000      0x2fd C:\Users\PC\AppData\Local\Temp\ccCPBxJH.debug.temp.o
 .debug_str     0x00000000     0x14f2 C:\Users\PC\AppData\Local\Temp\ccGppzaZ.debug.temp.o
 .debug_str     0x00000000     0x12cb C:\Users\PC\AppData\Local\Temp\ccGkU6to.debug.temp.o
 .debug_str     0x00000000     0x1a53 C:\Users\PC\AppData\Local\Temp\ccEhIIAu.debug.temp.o
 .debug_str     0x00000000      0xa22 C:\Users\PC\AppData\Local\Temp\ccqZsr8w.debug.temp.o
 .debug_str     0x00000000      0x2be C:\Users\PC\AppData\Local\Temp\cccHdaGz.debug.temp.o
 .debug_str     0x00000000     0x9194 D:/english_path_floder/remoter/components/libraries\libstartlib.a(E902_crt0.o)
                                 0x93 (size before relaxing)
 .debug_str     0x00009194      0xf21 D:/english_path_floder/remoter/components/libraries\libstartlib.a(E902_startup.o)
 .debug_str     0x00009194      0xb67 D:/english_path_floder/remoter/components/libraries\libstartlib.a(E902_otp_cfg.o)
 .debug_str     0x00009194     0x105a D:/english_path_floder/remoter/components/libraries/24g/20260121/flash\lib2g4_base.a(drv_omw_clkcal.o)
 .debug_str     0x00009194     0x1abf D:/english_path_floder/remoter/components/libraries/24g/20260121/flash\lib2g4_base.a(t1001_t1001_2g4.o)
 .debug_str     0x00009194     0x1c4f D:/english_path_floder/remoter/components/libraries/24g/20260121/flash\lib2g4_base.a(t1001_t1001_2g4_radio.o)
 .debug_str     0x00009194     0x2ec9 D:/english_path_floder/remoter/components/libraries/24g/20260121/flash\lib2g4_base.a(t1001_t1002_chip_radio.o)
 .debug_str     0x00009194      0xfb6 D:/english_path_floder/remoter/components/libraries/24g/20260121/flash\lib2g4_base.a(t1001_t1002_rf_cal.o)
 .debug_str     0x00009194      0x58b D:/english_path_floder/remoter/components/libraries/24g/20260121/flash\lib2g4_base.a(t1001_t1002_dcoc_calib.o)
 .debug_str     0x00009194     0x177c D:/english_path_floder/remoter/components/libraries/24g/20260121/flash\lib2g4_base.a(t1001_t1001_sleep_cr_2g4.o)
 .debug_str     0x00009194      0x48f D:/english_path_floder/remoter/components/libraries/24g/20260121/flash\librf2g4.a(24g_comp_api_rf_2g4.o)
 .debug_str     0x00009194      0x345 D:/english_path_floder/remoter/components/libraries/24g/20260121/flash\librf2g4.a(24g_comp_api_sleep_wakeup.o)

.debug_line_str
                0x00000000      0x6f7
 .debug_line_str
                0x00000000      0x205 C:\Users\PC\AppData\Local\Temp\ccBBZWlV.ltrans0.ltrans.o
 .debug_line_str
                0x00000000      0x27b C:\Users\PC\AppData\Local\Temp\ccsRIWyG.debug.temp.o
 .debug_line_str
                0x00000000       0x60 C:\Users\PC\AppData\Local\Temp\ccSFC9zG.debug.temp.o
 .debug_line_str
                0x00000000      0x1e0 C:\Users\PC\AppData\Local\Temp\cciuwmBG.debug.temp.o
 .debug_line_str
                0x00000000      0x218 C:\Users\PC\AppData\Local\Temp\cc4VSKYG.debug.temp.o
 .debug_line_str
                0x00000000      0x29e C:\Users\PC\AppData\Local\Temp\ccQnf9lH.debug.temp.o
 .debug_line_str
                0x00000000      0x218 C:\Users\PC\AppData\Local\Temp\ccCPBxJH.debug.temp.o
 .debug_line_str
                0x00000000      0x1b7 C:\Users\PC\AppData\Local\Temp\ccGppzaZ.debug.temp.o
 .debug_line_str
                0x00000000      0x1c5 C:\Users\PC\AppData\Local\Temp\ccGkU6to.debug.temp.o
 .debug_line_str
                0x00000000      0x269 C:\Users\PC\AppData\Local\Temp\ccEhIIAu.debug.temp.o
 .debug_line_str
                0x00000000      0x18b C:\Users\PC\AppData\Local\Temp\ccqZsr8w.debug.temp.o
 .debug_line_str
                0x00000000      0x16e C:\Users\PC\AppData\Local\Temp\cccHdaGz.debug.temp.o
 .debug_line_str
                0x00000000      0x6f7 D:/english_path_floder/remoter/components/libraries\libstartlib.a(E902_startup.o)
                                0x27b (size before relaxing)
 .debug_line_str
                0x000006f7      0x201 D:/english_path_floder/remoter/components/libraries\libstartlib.a(E902_otp_cfg.o)

.comment        0x00000000       0xd8
 .comment       0x00000000       0x46 C:\Users\PC\AppData\Local\Temp\ccBBZWlV.ltrans0.ltrans.o
 .comment       0x00000000       0xd8 D:/english_path_floder/remoter/components/libraries\libstartlib.a(E902_startup.o)
                                 0x4f (size before relaxing)
 .comment       0x000000d8       0x4f D:/english_path_floder/remoter/components/libraries\libstartlib.a(E902_otp_cfg.o)
 .comment       0x000000d8       0x46 D:/english_path_floder/remoter/components/libraries/24g/20260121/flash\lib2g4_base.a(drv_omw_clkcal.o)
 .comment       0x000000d8       0x46 D:/english_path_floder/remoter/components/libraries/24g/20260121/flash\lib2g4_base.a(t1001_t1001_2g4.o)
 .comment       0x000000d8       0x46 D:/english_path_floder/remoter/components/libraries/24g/20260121/flash\lib2g4_base.a(t1001_t1001_2g4_radio.o)
 .comment       0x000000d8       0x46 D:/english_path_floder/remoter/components/libraries/24g/20260121/flash\lib2g4_base.a(t1001_t1002_chip_radio.o)
 .comment       0x000000d8       0x46 D:/english_path_floder/remoter/components/libraries/24g/20260121/flash\lib2g4_base.a(t1001_t1002_rf_cal.o)
 .comment       0x000000d8       0x46 D:/english_path_floder/remoter/components/libraries/24g/20260121/flash\lib2g4_base.a(t1001_t1002_dcoc_calib.o)
 .comment       0x000000d8       0x46 D:/english_path_floder/remoter/components/libraries/24g/20260121/flash\lib2g4_base.a(t1001_t1001_sleep_cr_2g4.o)
 .comment       0x000000d8       0x46 D:/english_path_floder/remoter/components/libraries/24g/20260121/flash\librf2g4.a(24g_comp_api_rf_2g4.o)
 .comment       0x000000d8       0x46 D:/english_path_floder/remoter/components/libraries/24g/20260121/flash\librf2g4.a(24g_comp_api_sleep_wakeup.o)

.note.GNU-stack
                0x00000000        0x0
 .note.GNU-stack
                0x00000000        0x0 C:\Users\PC\AppData\Local\Temp\ccBBZWlV.ltrans0.ltrans.o
 .note.GNU-stack
                0x00000000        0x0 D:/english_path_floder/remoter/components/libraries\libstartlib.a(E902_startup.o)
 .note.GNU-stack
                0x00000000        0x0 D:/english_path_floder/remoter/components/libraries\libstartlib.a(E902_otp_cfg.o)

.riscv.attributes
                0x00000000       0x68
 .riscv.attributes
                0x00000000       0x68 C:\Users\PC\AppData\Local\Temp\ccBBZWlV.ltrans0.ltrans.o
 .riscv.attributes
                0x00000068       0x5f D:/english_path_floder/remoter/components/libraries\libstartlib.a(E902_crt0.o)
 .riscv.attributes
                0x000000c7       0x61 D:/english_path_floder/remoter/components/libraries\libstartlib.a(E902_startup.o)
 .riscv.attributes
                0x00000128       0x5d D:/english_path_floder/remoter/components/libraries\libstartlib.a(E902_otp_cfg.o)
 .riscv.attributes
                0x00000185       0x32 D:/english_path_floder/remoter/components/libraries/24g/20260121/flash\lib2g4_base.a(drv_omw_clkcal.o)
 .riscv.attributes
                0x000001b7       0x36 D:/english_path_floder/remoter/components/libraries/24g/20260121/flash\lib2g4_base.a(t1001_t1001_2g4.o)
 .riscv.attributes
                0x000001ed       0x32 D:/english_path_floder/remoter/components/libraries/24g/20260121/flash\lib2g4_base.a(t1001_t1001_2g4_radio.o)
 .riscv.attributes
                0x0000021f       0x32 D:/english_path_floder/remoter/components/libraries/24g/20260121/flash\lib2g4_base.a(t1001_t1002_chip_radio.o)
 .riscv.attributes
                0x00000251       0x32 D:/english_path_floder/remoter/components/libraries/24g/20260121/flash\lib2g4_base.a(t1001_t1002_rf_cal.o)
 .riscv.attributes
                0x00000283       0x32 D:/english_path_floder/remoter/components/libraries/24g/20260121/flash\lib2g4_base.a(t1001_t1002_dcoc_calib.o)
 .riscv.attributes
                0x000002b5       0x32 D:/english_path_floder/remoter/components/libraries/24g/20260121/flash\lib2g4_base.a(t1001_t1001_sleep_cr_2g4.o)
 .riscv.attributes
                0x000002e7       0x36 D:/english_path_floder/remoter/components/libraries/24g/20260121/flash\librf2g4.a(24g_comp_api_rf_2g4.o)
 .riscv.attributes
                0x0000031d       0x36 D:/english_path_floder/remoter/components/libraries/24g/20260121/flash\librf2g4.a(24g_comp_api_sleep_wakeup.o)
 .riscv.attributes
                0x00000353       0x34 d:/app/C-Sky/CDKRepo/Toolchain/XTGccElfNewlib/V3.4.0/R/bin/../lib/gcc/riscv64-unknown-elf/14.3.0/../../../../riscv64-unknown-elf/lib/rv32emc/ilp32e\libc_nano.a(lib_a-memcpy-asm.o)
 .riscv.attributes
                0x00000387       0x34 d:/app/C-Sky/CDKRepo/Toolchain/XTGccElfNewlib/V3.4.0/R/bin/../lib/gcc/riscv64-unknown-elf/14.3.0/../../../../riscv64-unknown-elf/lib/rv32emc/ilp32e\libc_nano.a(lib_a-memset.o)

.debug_frame    0x00000000     0x1310
 .debug_frame   0x00000000      0x140 C:\Users\PC\AppData\Local\Temp\ccBBZWlV.ltrans0.ltrans.o
 .debug_frame   0x00000140      0x100 D:/english_path_floder/remoter/components/libraries\libstartlib.a(E902_startup.o)
 .debug_frame   0x00000240       0x30 D:/english_path_floder/remoter/components/libraries\libstartlib.a(E902_otp_cfg.o)
 .debug_frame   0x00000270      0x110 D:/english_path_floder/remoter/components/libraries/24g/20260121/flash\lib2g4_base.a(drv_omw_clkcal.o)
 .debug_frame   0x00000380      0x538 D:/english_path_floder/remoter/components/libraries/24g/20260121/flash\lib2g4_base.a(t1001_t1001_2g4.o)
 .debug_frame   0x000008b8       0xe0 D:/english_path_floder/remoter/components/libraries/24g/20260121/flash\lib2g4_base.a(t1001_t1001_2g4_radio.o)
 .debug_frame   0x00000998      0x2d4 D:/english_path_floder/remoter/components/libraries/24g/20260121/flash\lib2g4_base.a(t1001_t1002_chip_radio.o)
 .debug_frame   0x00000c6c       0xc0 D:/english_path_floder/remoter/components/libraries/24g/20260121/flash\lib2g4_base.a(t1001_t1002_rf_cal.o)
 .debug_frame   0x00000d2c       0x98 D:/english_path_floder/remoter/components/libraries/24g/20260121/flash\lib2g4_base.a(t1001_t1002_dcoc_calib.o)
 .debug_frame   0x00000dc4       0x78 D:/english_path_floder/remoter/components/libraries/24g/20260121/flash\lib2g4_base.a(t1001_t1001_sleep_cr_2g4.o)
 .debug_frame   0x00000e3c      0x3a4 D:/english_path_floder/remoter/components/libraries/24g/20260121/flash\librf2g4.a(24g_comp_api_rf_2g4.o)
 .debug_frame   0x000011e0      0x130 D:/english_path_floder/remoter/components/libraries/24g/20260121/flash\librf2g4.a(24g_comp_api_sleep_wakeup.o)

.debug_loc      0x00000000     0x3518
 .debug_loc     0x00000000      0x74d D:/english_path_floder/remoter/components/libraries/24g/20260121/flash\lib2g4_base.a(drv_omw_clkcal.o)
 .debug_loc     0x0000074d      0xd9d D:/english_path_floder/remoter/components/libraries/24g/20260121/flash\lib2g4_base.a(t1001_t1001_2g4.o)
 .debug_loc     0x000014ea      0x1f7 D:/english_path_floder/remoter/components/libraries/24g/20260121/flash\lib2g4_base.a(t1001_t1001_2g4_radio.o)
 .debug_loc     0x000016e1     0x13ed D:/english_path_floder/remoter/components/libraries/24g/20260121/flash\lib2g4_base.a(t1001_t1002_chip_radio.o)
 .debug_loc     0x00002ace      0x34e D:/english_path_floder/remoter/components/libraries/24g/20260121/flash\lib2g4_base.a(t1001_t1002_rf_cal.o)
 .debug_loc     0x00002e1c      0x624 D:/english_path_floder/remoter/components/libraries/24g/20260121/flash\lib2g4_base.a(t1001_t1002_dcoc_calib.o)
 .debug_loc     0x00003440       0xd8 D:/english_path_floder/remoter/components/libraries/24g/20260121/flash\lib2g4_base.a(t1001_t1001_sleep_cr_2g4.o)

.debug_ranges   0x00000000      0x830
 .debug_ranges  0x00000000       0x58 D:/english_path_floder/remoter/components/libraries/24g/20260121/flash\lib2g4_base.a(drv_omw_clkcal.o)
 .debug_ranges  0x00000058      0x280 D:/english_path_floder/remoter/components/libraries/24g/20260121/flash\lib2g4_base.a(t1001_t1001_2g4.o)
 .debug_ranges  0x000002d8       0x58 D:/english_path_floder/remoter/components/libraries/24g/20260121/flash\lib2g4_base.a(t1001_t1001_2g4_radio.o)
 .debug_ranges  0x00000330      0x218 D:/english_path_floder/remoter/components/libraries/24g/20260121/flash\lib2g4_base.a(t1001_t1002_chip_radio.o)
 .debug_ranges  0x00000548       0x58 D:/english_path_floder/remoter/components/libraries/24g/20260121/flash\lib2g4_base.a(t1001_t1002_rf_cal.o)
 .debug_ranges  0x000005a0       0x88 D:/english_path_floder/remoter/components/libraries/24g/20260121/flash\lib2g4_base.a(t1001_t1002_dcoc_calib.o)
 .debug_ranges  0x00000628       0x30 D:/english_path_floder/remoter/components/libraries/24g/20260121/flash\lib2g4_base.a(t1001_t1001_sleep_cr_2g4.o)
 .debug_ranges  0x00000658      0x108 D:/english_path_floder/remoter/components/libraries/24g/20260121/flash\librf2g4.a(24g_comp_api_rf_2g4.o)
 .debug_ranges  0x00000760       0xd0 D:/english_path_floder/remoter/components/libraries/24g/20260121/flash\librf2g4.a(24g_comp_api_sleep_wakeup.o)
