ELF Header:
  Magic:   7f 45 4c 46 01 01 01 00 00 00 00 00 00 00 00 00 
  Class:                             ELF32
  Data:                              2's complement, little endian
  Version:                           1 (current)
  OS/ABI:                            UNIX - System V
  ABI Version:                       0
  Type:                              EXEC (Executable file)
  Machine:                           RISC-V
  Version:                           0x1
  Entry point address:               0x10000000
  Start of program headers:          52 (bytes into file)
  Start of section headers:          219748 (bytes into file)
  Flags:                             0x9, RVC, RVE, soft-float ABI
  Size of this header:               52 (bytes)
  Size of program headers:           32 (bytes)
  Number of program headers:         5
  Size of section headers:           40 (bytes)
  Number of section headers:         24
  Section header string table index: 23

Section Headers:
  [Nr] Name              Type            Addr     Off    Size   ES Flg Lk Inf Al
  [ 0]                   NULL            00000000 000000 000000 00      0   0  0
  [ 1] .text             PROGBITS        10000000 001000 001f94 00  AX  0   0 64
  [ 2] .copy.table       PROGBITS        10001f94 002f94 00000c 00  WA  0   0  1
  [ 3] .zero.table       PROGBITS        10001fa0 002fa0 000008 00  WA  0   0  1
  [ 4] .data             PROGBITS        20000000 003000 001254 00 WAX  0   0 64
  [ 5] .bss              NOBITS          20001258 004258 000318 00  WA  0   0  8
  [ 6] .heap             PROGBITS        20001570 004254 000000 00   W  0   0  1
  [ 7] .stack            PROGBITS        20003d00 004254 000300 00   W  0   0  1
  [ 8] .debug_info       PROGBITS        00000000 004554 017617 00      0   0  1
  [ 9] .debug_abbrev     PROGBITS        00000000 01bb6b 002a57 00      0   0  1
  [10] .debug_loclists   PROGBITS        00000000 01e5c2 000802 00      0   0  1
  [11] .debug_aranges    PROGBITS        00000000 01edc8 000620 00      0   0  8
  [12] .debug_rnglists   PROGBITS        00000000 01f3e8 000253 00      0   0  1
  [13] .debug_line       PROGBITS        00000000 01f63b 0080ae 00      0   0  1
  [14] .debug_str        PROGBITS        00000000 0276e9 00710b 01  MS  0   0  1
  [15] .debug_line_str   PROGBITS        00000000 02e7f4 000651 01  MS  0   0  1
  [16] .comment          PROGBITS        00000000 02ee45 00011e 01  MS  0   0  1
  [17] .riscv.attributes RISCV_ATTRIBUTE 00000000 02ef63 000068 00      0   0  1
  [18] .debug_frame      PROGBITS        00000000 02efcc 000f64 00      0   0  4
  [19] .debug_loc        PROGBITS        00000000 02ff30 0020bb 00      0   0  1
  [20] .debug_ranges     PROGBITS        00000000 031feb 0005f0 00      0   0  1
  [21] .symtab           SYMTAB          00000000 0325dc 0021b0 10     22 343  4
  [22] .strtab           STRTAB          00000000 03478c 0011d5 00      0   0  1
  [23] .shstrtab         STRTAB          00000000 035961 000102 00      0   0  1
Key to Flags:
  W (write), A (alloc), X (execute), M (merge), S (strings), I (info),
  L (link order), O (extra OS processing required), G (group), T (TLS),
  C (compressed), x (unknown), o (OS specific), E (exclude),
  D (mbind), p (processor specific)

Program Headers:
  Type           Offset   VirtAddr   PhysAddr   FileSiz MemSiz  Flg Align
  RISCV_ATTRIBUT 0x02ef63 0x00000000 0x00000000 0x00068 0x00000 R   0x1
  LOAD           0x001000 0x10000000 0x10000000 0x01fa8 0x01fa8 RWE 0x1000
  LOAD           0x003000 0x20000000 0x10001fa8 0x01254 0x01254 RWE 0x1000
  LOAD           0x000258 0x20001258 0x20001258 0x00000 0x00318 RW  0x1000
  GNU_STACK      0x000000 0x00000000 0x00000000 0x00000 0x00000 RW  0x10

 Section to Segment mapping:
  Segment Sections...
   00     .riscv.attributes 
   01     .text .copy.table .zero.table 
   02     .data 
   03     .bss 
   04     
======================================================================
Archive member included to satisfy reference by file (symbol)

D:/english_path_floder/remoter24g_0710/components/libraries\libstartlib.a(E902_context_switch.o)
                              (--whole-archive)
D:/english_path_floder/remoter24g_0710/components/libraries\libstartlib.a(E902_crt0.o)
                              (--whole-archive)
D:/english_path_floder/remoter24g_0710/components/libraries\libstartlib.a(E902_startup.o)
                              (--whole-archive)
D:/english_path_floder/remoter24g_0710/components/libraries\libstartlib.a(E902_otp_cfg.o)
                              (--whole-archive)
D:/english_path_floder/remoter24g_0710/components/libraries/24g/20260121/flash\lib2g4_base.a(drv_omw_clkcal.o)
                              (--whole-archive)
D:/english_path_floder/remoter24g_0710/components/libraries/24g/20260121/flash\lib2g4_base.a(t1001_t1001_2g4.o)
                              (--whole-archive)
[...]
Memory Configuration

Name             Origin             Length             Attributes
FLASH            0x10000000         0x00040000         xr
RAM              0x20000000         0x00004000         xrw
*default*        0x00000000         0xffffffff

Linker script and memory map

LOAD Obj/CP8003_REMOTER_main.o
LOAD C:\Users\PC\AppData\Local\Temp\ccCAyvR8.ltrans0.ltrans.o
LOAD C:\Users\PC\AppData\Local\Temp\ccrCAsQh.debug.temp.o
LOAD C:\Users\PC\AppData\Local\Temp\ccIoBuPr.debug.temp.o
LOAD C:\Users\PC\AppData\Local\Temp\cclITPSB.debug.temp.o
LOAD C:\Users\PC\AppData\Local\Temp\ccikspoM.debug.temp.o
LOAD C:\Users\PC\AppData\Local\Temp\ccdHFxFW.debug.temp.o
LOAD C:\Users\PC\AppData\Local\Temp\ccmVA606.debug.temp.o
LOAD C:\Users\PC\AppData\Local\Temp\ccNOuKDg.debug.temp.o
LOAD C:\Users\PC\AppData\Local\Temp\cciGYv2p.debug.temp.o
LOAD C:\Users\PC\AppData\Local\Temp\ccXew9uz.debug.temp.o
LOAD C:\Users\PC\AppData\Local\Temp\cc0xTwkJ.debug.temp.o
LOAD C:\Users\PC\AppData\Local\Temp\ccjLfleT.debug.temp.o
LOAD C:\Users\PC\AppData\Local\Temp\ccoFdSZ2.debug.temp.o
LOAD C:\Users\PC\AppData\Local\Temp\ccfoXqDg.debug.temp.o
LOAD C:\Users\PC\AppData\Local\Temp\ccm1Fqlu.debug.temp.o
LOAD C:\Users\PC\AppData\Local\Temp\ccJYI7PH.debug.temp.o
LOAD C:\Users\PC\AppData\Local\Temp\ccqsPopV.debug.temp.o
LOAD C:\Users\PC\AppData\Local\Temp\ccFdQas9.debug.temp.o
LOAD C:\Users\PC\AppData\Local\Temp\ccsc5ghn.debug.temp.o
LOAD C:\Users\PC\AppData\Local\Temp\ccrZKNaB.debug.temp.o
LOAD C:\Users\PC\AppData\Local\Temp\cc6lGGfO.debug.temp.o
LOAD C:\Users\PC\AppData\Local\Temp\cc9SMzp1.debug.temp.o
LOAD Obj/CP8003_REMOTER_app_isr.o
LOAD Obj/CP8003_REMOTER_rmt_key_config.o
LOAD Obj/app_remoter_app_remoter.o
LOAD Obj/app_viot_handler_app_viot_handler.o
LOAD Obj/key_process_key_process.o
LOAD Obj/driver_driver_clkcal.o
LOAD Obj/driver_driver_flash.o
LOAD Obj/driver_driver_gpadc.o
LOAD Obj/driver_driver_gpio.o
LOAD Obj/driver_driver_iic.o
LOAD Obj/driver_driver_ledc.o
LOAD Obj/driver_driver_spim.o
LOAD Obj/driver_driver_spis.o
LOAD Obj/driver_driver_sys.o
LOAD Obj/driver_driver_timer.o
LOAD Obj/driver_driver_uart.o
LOAD Obj/driver_driver_wdt.o
LOAD Obj/misc_log_dbg.o
LOAD Obj/hal_clock_hal_clock.o
LOAD Obj/ble_viot_ble_viot.o
LOAD D:/english_path_floder/remoter24g_0710/components/libraries\libstartlib.a
LOAD D:/english_path_floder/remoter24g_0710/components/libraries/24g/20260121/flash\lib2g4_base.a
LOAD D:/english_path_floder/remoter24g_0710/components/libraries/24g/20260121/flash\librf2g4.a
LOAD d:/app/C-Sky/CDKRepo/Toolchain/XTGccElfNewlib/V3.4.0/R/bin/../lib/gcc/riscv64-unknown-elf/14.3.0/rv32emc/ilp32e\libgcc.a
LOAD d:/app/C-Sky/CDKRepo/Toolchain/XTGccElfNewlib/V3.4.0/R/bin/../lib/gcc/riscv64-unknown-elf/14.3.0/../../../../riscv64-unknown-elf/lib/rv32emc/ilp32e\libc_nano.a
LOAD d:/app/C-Sky/CDKRepo/Toolchain/XTGccElfNewlib/V3.4.0/R/bin/../lib/gcc/riscv64-unknown-elf/14.3.0/rv32emc/ilp32e\libgcc.a
START GROUP
LOAD d:/app/C-Sky/CDKRepo/Toolchain/XTGccElfNewlib/V3.4.0/R/bin/../lib/gcc/riscv64-unknown-elf/14.3.0/rv32emc/ilp32e\libgcc.a
LOAD d:/app/C-Sky/CDKRepo/Toolchain/XTGccElfNewlib/V3.4.0/R/bin/../lib/gcc/riscv64-unknown-elf/14.3.0/../../../../riscv64-unknown-elf/lib/rv32emc/ilp32e\libc_nano.a
LOAD d:/app/C-Sky/CDKRepo/Toolchain/XTGccElfNewlib/V3.4.0/R/bin/../lib/gcc/riscv64-unknown-elf/14.3.0/../../../../riscv64-unknown-elf/lib/rv32emc/ilp32e\libgloss_nano.a
END GROUP
                0x10000000                        __ROM_BASE = 0x10000000
                0x00040000                        __ROM_SIZE = 0x40000
                0x20000000                        __RAM_BASE = 0x20000000
                0x00004000                        __RAM_SIZE = 0x4000
                0x00000300                        __STACK_SIZE = 0x300
                0x00000000                        __HEAP_SIZE = 0x0

.text           0x10000000     0x1f94
 *crt0*.o(.text .text.*)
 .text.init     0x10000000       0xb4 D:/english_path_floder/remoter24g_0710/components/libraries\libstartlib.a(E902_crt0.o)
                0x10000000                reset_handler
                0x10000080                trap_handler
 *(EXCLUDE_FILE(*t1001_flash.o) .text*)
 .text          0x100000b4       0xba C:\Users\PC\AppData\Local\Temp\ccCAyvR8.ltrans0.ltrans.o
 .text.startup  0x1000016e      0x490 C:\Users\PC\AppData\Local\Temp\ccCAyvR8.ltrans0.ltrans.o
                0x1000016e                main
 .text.Default_Handler
                0x100005fe        0xe D:/english_path_floder/remoter24g_0710/components/libraries\libstartlib.a(E902_startup.o)
                0x100005fe                SPIM1_Handler
                0x100005fe                CLKCAL_Handler
                0x100005fe                GPIO_Handler
                0x100005fe                I2C0_Handler
                0x100005fe                TIMER4_Handler
                0x100005fe                TIMER0_Handler
                0x100005fe                SysTick_Handler
                0x100005fe                QDEC_Handler
                0x100005fe                TIMER2_Handler
                0x100005fe                TIMER1_Handler
                0x100005fe                RTC_Handler
                0x100005fe                TIMER5_Handler
                0x100005fe                TIMER6_Handler
                0x100005fe                TIMER7_Handler
                0x100005fe                TIMER3_Handler
                0x100005fe                SPIM0_Handler
                0x100005fe                WDT_Handler
                0x100005fe                LEDC_Handler
                0x100005fe                SPIS0_Handler
                0x100005fe                CAPTURE_Handler
                0x100005fe                UART1_Handler
                0x100005fe                USB_Handler
                0x100005fe                Interrupt4_Handler
                0x100005fe                Default_Handler
                0x100005fe                Interrupt23_Handler
                0x100005fe                GPADC_Handler
                0x100005fe                ExtIrq_Handler
                0x100005fe                KEYSCAN_Handler
                0x100005fe                SDMA_Handler
                0x100005fe                SoftIrq_Handler
                0x100005fe                Interrupt13_Handler
                0x100005fe                UART0_Handler
                0x100005fe                Interrupt1_Handler
                0x100005fe                RADIO_TICK_Handler
                0x100005fe                AES_Handler
 .text.clic_init
                0x1000060c       0x38 D:/english_path_floder/remoter24g_0710/components/libraries\libstartlib.a(E902_startup.o)
                0x1000060c                clic_init
 .text.t1100_rom_init
                0x10000644        0x2 D:/english_path_floder/remoter24g_0710/components/libraries\libstartlib.a(E902_startup.o)
                0x10000644                t1100_rom_init
 .text.ram_init
                0x10000646       0x94 D:/english_path_floder/remoter24g_0710/components/libraries\libstartlib.a(E902_startup.o)
                0x10000646                ram_init
 .text.sys_entry
                0x100006da       0xb8 D:/english_path_floder/remoter24g_0710/components/libraries\libstartlib.a(E902_startup.o)
                0x100006da                sys_entry
 .text.otp_load_cfg
                0x10000792      0x3e0 D:/english_path_floder/remoter24g_0710/components/libraries\libstartlib.a(E902_otp_cfg.o)
                0x10000792                otp_load_cfg
 .text.otp_apply_cfg
                0x10000b72       0x86 D:/english_path_floder/remoter24g_0710/components/libraries\libstartlib.a(E902_otp_cfg.o)
                0x10000b72                otp_apply_cfg
 .text.cal_autolen_pkt_desc_offset
                0x10000bf8       0x50 D:/english_path_floder/remoter24g_0710/components/libraries/24g/20260121/flash\lib2g4_base.a(t1001_t1001_2g4.o)
                0x10000bf8                cal_autolen_pkt_desc_offset
 .text.RF_2G4_DescInit_Mode
                0x10000c48       0xc8 D:/english_path_floder/remoter24g_0710/components/libraries/24g/20260121/flash\lib2g4_base.a(t1001_t1001_2g4.o)
                0x10000c48                RF_2G4_DescInit_Mode
 .text.RF_2G4_UpdateDesc_TxCommon
                0x10000d10       0x42 D:/english_path_floder/remoter24g_0710/components/libraries/24g/20260121/flash\lib2g4_base.a(t1001_t1001_2g4.o)
                0x10000d10                RF_2G4_UpdateDesc_TxCommon
 .text.RF_2G4_UpdateDesc_TxPkt
                0x10000d52      0x13c D:/english_path_floder/remoter24g_0710/components/libraries/24g/20260121/flash\lib2g4_base.a(t1001_t1001_2g4.o)
                0x10000d52                RF_2G4_UpdateDesc_TxPkt
 .text.reverse8
                0x10000e8e       0x2e D:/english_path_floder/remoter24g_0710/components/libraries/24g/20260121/flash\lib2g4_base.a(t1001_t1001_2g4.o)
                0x10000e8e                reverse8
 .text.omw_svc_2g4_set_phy_divisor
                0x10000ebc       0x78 D:/english_path_floder/remoter24g_0710/components/libraries/24g/20260121/flash\lib2g4_base.a(t1001_t1001_2g4.o)
                0x10000ebc                omw_svc_2g4_set_phy_divisor
 .text.RF_2G4_PrepareStart
                0x10000f34       0xe6 D:/english_path_floder/remoter24g_0710/components/libraries/24g/20260121/flash\lib2g4_base.a(t1001_t1001_2g4.o)
                0x10000f34                RF_2G4_PrepareStart
 .text.omw_svc_2g4_init
                0x1000101a       0x38 D:/english_path_floder/remoter24g_0710/components/libraries/24g/20260121/flash\lib2g4_base.a(t1001_t1001_2g4.o)
                0x1000101a                omw_svc_2g4_init
 .text.omw_rf_init
                0x10001052       0x92 D:/english_path_floder/remoter24g_0710/components/libraries/24g/20260121/flash\lib2g4_base.a(t1001_t1001_2g4_radio.o)
                0x10001052                omw_rf_init
 .text.rf_get_ad_pll_counter
                0x100010e4       0x44 D:/english_path_floder/remoter24g_0710/components/libraries/24g/20260121/flash\lib2g4_base.a(t1001_t1002_chip_radio.o)
 .text.omw_rf_set_tx_pwr_lvl
                0x10001128       0xf6 D:/english_path_floder/remoter24g_0710/components/libraries/24g/20260121/flash\lib2g4_base.a(t1001_t1002_chip_radio.o)
                0x10001128                omw_rf_set_tx_pwr_lvl
 .text.PMU_OnChip_Init
                0x1000121e       0x4e D:/english_path_floder/remoter24g_0710/components/libraries/24g/20260121/flash\lib2g4_base.a(t1001_t1002_chip_radio.o)
                0x1000121e                PMU_OnChip_Init
 .text.Radio_OnChip_Set_Freq_Sw
                0x1000126c       0x30 D:/english_path_floder/remoter24g_0710/components/libraries/24g/20260121/flash\lib2g4_base.a(t1001_t1002_chip_radio.o)
                0x1000126c                Radio_OnChip_Set_Freq_Sw
 .text.RF_OnChip_Init
                0x1000129c      0x3a6 D:/english_path_floder/remoter24g_0710/components/libraries/24g/20260121/flash\lib2g4_base.a(t1001_t1002_chip_radio.o)
                0x1000129c                RF_OnChip_Init
 .text.disable_gpadc
                0x10001642       0x1e D:/english_path_floder/remoter24g_0710/components/libraries/24g/20260121/flash\lib2g4_base.a(t1001_t1002_rf_cal.o)
                0x10001642                disable_gpadc
 .text.get_vtrim
                0x10001660       0x2a D:/english_path_floder/remoter24g_0710/components/libraries/24g/20260121/flash\lib2g4_base.a(t1001_t1002_rf_cal.o)
                0x10001660                get_vtrim
 .text.omw_rf_cal
                0x1000168a      0x166 D:/english_path_floder/remoter24g_0710/components/libraries/24g/20260121/flash\lib2g4_base.a(t1001_t1002_rf_cal.o)
                0x1000168a                omw_rf_cal
 .text.rf_2g4_init
                0x100017f0       0xda D:/english_path_floder/remoter24g_0710/components/libraries/24g/20260121/flash\librf2g4.a(24g_otp_api_rf_2g4.o)
                0x100017f0                rf_2g4_init
 .text.adv_channel_idx_to_channel_num
                0x100018ca       0x4a D:/english_path_floder/remoter24g_0710/components/libraries/24g/20260121/flash\librf2g4.a(24g_otp_api_rf_2g4.o)
                0x100018ca                adv_channel_idx_to_channel_num
 .text.rf_2g4_tx_data
                0x10001914       0xa8 D:/english_path_floder/remoter24g_0710/components/libraries/24g/20260121/flash\librf2g4.a(24g_otp_api_rf_2g4.o)
                0x10001914                rf_2g4_tx_data
 .text.rf_2g4_set_tx_power
                0x100019bc       0x1c D:/english_path_floder/remoter24g_0710/components/libraries/24g/20260121/flash\librf2g4.a(24g_otp_api_rf_2g4.o)
                0x100019bc                rf_2g4_set_tx_power
 .text.t1001_sleep_restore_uart_reg_info
                0x100019d8       0x70 D:/english_path_floder/remoter24g_0710/components/libraries/24g/20260121/flash\librf2g4.a(24g_otp_api_sleep_wakeup.o)
                0x100019d8                t1001_sleep_restore_uart_reg_info
 .text.enter_sleep_mode
                0x10001a48      0x18e D:/english_path_floder/remoter24g_0710/components/libraries/24g/20260121/flash\librf2g4.a(24g_otp_api_sleep_wakeup.o)
                0x10001a48                enter_sleep_mode
 *fill*         0x10001bd6        0x2 
 .text          0x10001bd8       0x16 d:/app/C-Sky/CDKRepo/Toolchain/XTGccElfNewlib/V3.4.0/R/bin/../lib/gcc/riscv64-unknown-elf/14.3.0/../../../../riscv64-unknown-elf/lib/rv32emc/ilp32e\libc_nano.a(lib_a-memcpy-asm.o)
                0x10001bd8                memcpy
 *fill*         0x10001bee        0x2 
 .text          0x10001bf0       0x12 d:/app/C-Sky/CDKRepo/Toolchain/XTGccElfNewlib/V3.4.0/R/bin/../lib/gcc/riscv64-unknown-elf/14.3.0/../../../../riscv64-unknown-elf/lib/rv32emc/ilp32e\libc_nano.a(lib_a-memset.o)
                0x10001bf0                memset
 *(.init)
 *(.fini)
 *crtbegin.o(.ctors)
 *crtbegin?.o(.ctors)
 *(EXCLUDE_FILE(*crtend.o *crtend?.o) .ctors)
 *(SORT_BY_NAME(.ctors.*))
 *(.ctors)
 *crtbegin.o(.dtors)
 *crtbegin?.o(.dtors)
 *(EXCLUDE_FILE(*crtend.o *crtend?.o) .dtors)
 *(SORT_BY_NAME(.dtors.*))
 *(.dtors)
 *(.rodata*)
 *fill*         0x10001c02        0x2 
 .rodata        0x10001c04      0x338 C:\Users\PC\AppData\Local\Temp\ccCAyvR8.ltrans0.ltrans.o
 .rodata.freq_ratios
                0x10001f3c        0xb D:/english_path_floder/remoter24g_0710/components/libraries/24g/20260121/flash\lib2g4_base.a(t1001_t1001_2g4.o)
 *fill*         0x10001f47        0x1 
 .rodata.rssi_thresholds
                0x10001f48        0xc D:/english_path_floder/remoter24g_0710/components/libraries/24g/20260121/flash\lib2g4_base.a(t1001_t1002_rf_cal.o)
                0x10001f48                rssi_thresholds
 .rodata.addr_list
                0x10001f54       0x40 D:/english_path_floder/remoter24g_0710/components/libraries/24g/20260121/flash\librf2g4.a(24g_otp_api_sleep_wakeup.o)
 *(.eh_frame*)
                0x10001f94                        __exidx_end = .

.rela.dyn       0x10001f94        0x0
 .rela.text.init
                0x10001f94        0x0 D:/english_path_floder/remoter24g_0710/components/libraries\libstartlib.a(E902_crt0.o)
 .rela.text.ram_init
                0x10001f94        0x0 D:/english_path_floder/remoter24g_0710/components/libraries\libstartlib.a(E902_crt0.o)
 .rela.data.__VECTOR_TABLE
                0x10001f94        0x0 D:/english_path_floder/remoter24g_0710/components/libraries\libstartlib.a(E902_crt0.o)

.copy.table     0x10001f94        0xc
                0x10001f94                        . = ALIGN (0x4)
                0x10001f94                        __copy_table_start__ = .
                0x10001f94        0x4 LONG 0x10001fa8 __etext
                0x10001f98        0x4 LONG 0x20000000 __data_start__
                0x10001f9c        0x4 LONG 0x495 ((__data_end__ - __data_start__) / 0x4)
                0x10001fa0                        __copy_table_end__ = .

.zero.table     0x10001fa0        0x8
                0x10001fa0                        . = ALIGN (0x4)
                0x10001fa0                        __zero_table_start__ = .
                0x10001fa0        0x4 LONG 0x20001258 __bss_start__
                0x10001fa4        0x4 LONG 0xc6 ((__bss_end__ - __bss_start__) / 0x4)
                0x10001fa8                        __zero_table_end__ = .
                0x10001fa8                        __etext = ALIGN (0x4)

.data           0x20000000     0x1254 load address 0x10001fa8
                0x20000000                        __data_start__ = .
 *(.data.__VECTOR_TABLE)
 .data.__VECTOR_TABLE
                0x20000000       0xc0 D:/english_path_floder/remoter24g_0710/components/libraries\libstartlib.a(E902_startup.o)
                0x20000000                __VECTOR_TABLE
 *(vtable)
 *(.data)
 *(.data.*)
 .data.is_rx    0x200000c0        0x1 D:/english_path_floder/remoter24g_0710/components/libraries/24g/20260121/flash\lib2g4_base.a(t1001_t1001_2g4.o)
 *fill*         0x200000c1        0x3 
 .data.reversed_access
                0x200000c4        0x4 D:/english_path_floder/remoter24g_0710/components/libraries/24g/20260121/flash\lib2g4_base.a(t1001_t1001_2g4.o)
                0x200000c4                reversed_access
 .data.rf_2g4_call_desc_list_tx
                0x200000c8       0x18 D:/english_path_floder/remoter24g_0710/components/libraries/24g/20260121/flash\lib2g4_base.a(t1001_t1001_2g4.o)
                0x200000c8                rf_2g4_call_desc_list_tx
 .data.rf_2g4_common_desc_pll_delay
                0x200000e0        0x8 D:/english_path_floder/remoter24g_0710/components/libraries/24g/20260121/flash\lib2g4_base.a(t1001_t1001_2g4.o)
 .data.rf_call_desc_list_tx_process
                0x200000e8       0x70 D:/english_path_floder/remoter24g_0710/components/libraries/24g/20260121/flash\lib2g4_base.a(t1001_t1001_2g4_radio.o)
                0x200000e8                rf_call_desc_list_tx_process
 .data.rf_common_desc_mdm_off
                0x20000158        0x8 D:/english_path_floder/remoter24g_0710/components/libraries/24g/20260121/flash\lib2g4_base.a(t1001_t1001_2g4_radio.o)
                0x20000158                rf_common_desc_mdm_off
 .data.rf_common_desc_mdm_txoff
                0x20000160        0x8 D:/english_path_floder/remoter24g_0710/components/libraries/24g/20260121/flash\lib2g4_base.a(t1001_t1001_2g4_radio.o)
                0x20000160                rf_common_desc_mdm_txoff
 .data.rf_common_desc_resetmdm
                0x20000168        0x8 D:/english_path_floder/remoter24g_0710/components/libraries/24g/20260121/flash\lib2g4_base.a(t1001_t1001_2g4_radio.o)
                0x20000168                rf_common_desc_resetmdm
 .data.rf_common_desc_rf_tx_dac_off
                0x20000170       0x10 D:/english_path_floder/remoter24g_0710/components/libraries/24g/20260121/flash\lib2g4_base.a(t1001_t1001_2g4_radio.o)
                0x20000170                rf_common_desc_rf_tx_dac_off
 .data.rf_common_desc_rf_tx_dac_on
                0x20000180        0x8 D:/english_path_floder/remoter24g_0710/components/libraries/24g/20260121/flash\lib2g4_base.a(t1001_t1001_2g4_radio.o)
                0x20000180                rf_common_desc_rf_tx_dac_on
 .data.rf_common_desc_rf_tx_pa_off
                0x20000188        0x8 D:/english_path_floder/remoter24g_0710/components/libraries/24g/20260121/flash\lib2g4_base.a(t1001_t1001_2g4_radio.o)
                0x20000188                rf_common_desc_rf_tx_pa_off
 .data.rf_common_desc_rf_tx_pa_on
                0x20000190        0x8 D:/english_path_floder/remoter24g_0710/components/libraries/24g/20260121/flash\lib2g4_base.a(t1001_t1001_2g4_radio.o)
                0x20000190                rf_common_desc_rf_tx_pa_on
 .data.rf_common_desc_setfreq
                0x20000198       0x18 D:/english_path_floder/remoter24g_0710/components/libraries/24g/20260121/flash\lib2g4_base.a(t1001_t1001_2g4_radio.o)
                0x20000198                rf_common_desc_setfreq
 .data.rf_common_desc_tx_carrier
                0x200001b0        0x8 D:/english_path_floder/remoter24g_0710/components/libraries/24g/20260121/flash\lib2g4_base.a(t1001_t1001_2g4_radio.o)
                0x200001b0                rf_common_desc_tx_carrier
 .data.rf_common_desc_tx_end_delay
                0x200001b8        0x8 D:/english_path_floder/remoter24g_0710/components/libraries/24g/20260121/flash\lib2g4_base.a(t1001_t1001_2g4_radio.o)
                0x200001b8                rf_common_desc_tx_end_delay
 .data.g_lp     0x200001c0        0x3 D:/english_path_floder/remoter24g_0710/components/libraries/24g/20260121/flash\lib2g4_base.a(t1001_t1002_chip_radio.o)
                0x200001c0                g_lp
 *fill*         0x200001c3        0x1 
 .data.rf_common_desc_mdm_txon_ext
                0x200001c4       0x18 D:/english_path_floder/remoter24g_0710/components/libraries/24g/20260121/flash\lib2g4_base.a(t1001_t1002_chip_radio.o)
                0x200001c4                rf_common_desc_mdm_txon_ext
 .data.rf_common_desc_pll_on_3
                0x200001dc       0x50 D:/english_path_floder/remoter24g_0710/components/libraries/24g/20260121/flash\lib2g4_base.a(t1001_t1002_chip_radio.o)
                0x200001dc                rf_common_desc_pll_on_3
 .data.rf_common_desc_rfpll_off
                0x2000022c       0x38 D:/english_path_floder/remoter24g_0710/components/libraries/24g/20260121/flash\lib2g4_base.a(t1001_t1002_chip_radio.o)
                0x2000022c                rf_common_desc_rfpll_off
 .data.rf_common_desc_rfrx_off
                0x20000264       0x20 D:/english_path_floder/remoter24g_0710/components/libraries/24g/20260121/flash\lib2g4_base.a(t1001_t1002_chip_radio.o)
                0x20000264                rf_common_desc_rfrx_off
 .data.rf_common_desc_rfrx_on
                0x20000284       0x20 D:/english_path_floder/remoter24g_0710/components/libraries/24g/20260121/flash\lib2g4_base.a(t1001_t1002_chip_radio.o)
                0x20000284                rf_common_desc_rfrx_on
 .data.rf_common_desc_rftx_off
                0x200002a4       0x10 D:/english_path_floder/remoter24g_0710/components/libraries/24g/20260121/flash\lib2g4_base.a(t1001_t1002_chip_radio.o)
                0x200002a4                rf_common_desc_rftx_off
 .data.rf_common_desc_rftx_on
                0x200002b4       0x10 D:/english_path_floder/remoter24g_0710/components/libraries/24g/20260121/flash\lib2g4_base.a(t1001_t1002_chip_radio.o)
                0x200002b4                rf_common_desc_rftx_on
 .data.rf_common_desc_rx_setfreq
                0x200002c4       0x90 D:/english_path_floder/remoter24g_0710/components/libraries/24g/20260121/flash\lib2g4_base.a(t1001_t1002_chip_radio.o)
                0x200002c4                rf_common_desc_rx_setfreq
 .data.rf_common_desc_tx_setfreq
                0x20000354       0x98 D:/english_path_floder/remoter24g_0710/components/libraries/24g/20260121/flash\lib2g4_base.a(t1001_t1002_chip_radio.o)
                0x20000354                rf_common_desc_tx_setfreq
 .data.rf_pwr_lvl_map_0
                0x200003ec       0x4a D:/english_path_floder/remoter24g_0710/components/libraries/24g/20260121/flash\lib2g4_base.a(t1001_t1002_chip_radio.o)
                0x200003ec                rf_pwr_lvl_map_0
 *fill*         0x20000436        0x2 
 .data.rf_pwr_lvl_map_1
                0x20000438        0x6 D:/english_path_floder/remoter24g_0710/components/libraries/24g/20260121/flash\lib2g4_base.a(t1001_t1002_chip_radio.o)
                0x20000438                rf_pwr_lvl_map_1
 .data.rf_wb_sat_th
                0x2000043e        0x1 D:/english_path_floder/remoter24g_0710/components/libraries/24g/20260121/flash\lib2g4_base.a(t1001_t1002_chip_radio.o)
 *fill*         0x2000043f        0x1 
 .data.cr_regs_addr_list
                0x20000440       0x58 D:/english_path_floder/remoter24g_0710/components/libraries/24g/20260121/flash\lib2g4_base.a(t1001_t1001_sleep_cr_2g4.o)
                0x20000440                cr_regs_addr_list
 .data.gpio_vdd_pin1
                0x20000498        0x1 D:/english_path_floder/remoter24g_0710/components/libraries/24g/20260121/flash\lib2g4_base.a(t1001_t1001_sleep_cr_2g4.o)
                0x20000498                gpio_vdd_pin1
 .data.gpio_vdd_pin2
                0x20000499        0x1 D:/english_path_floder/remoter24g_0710/components/libraries/24g/20260121/flash\lib2g4_base.a(t1001_t1001_sleep_cr_2g4.o)
                0x20000499                gpio_vdd_pin2
 .data.adv_channel_idx
                0x2000049a        0x2 D:/english_path_floder/remoter24g_0710/components/libraries/24g/20260121/flash\librf2g4.a(24g_otp_api_rf_2g4.o)
                0x2000049a                adv_channel_idx
 .data.whiten_chl
                0x2000049c        0x1 D:/english_path_floder/remoter24g_0710/components/libraries/24g/20260121/flash\librf2g4.a(24g_otp_api_rf_2g4.o)
                0x2000049c                whiten_chl
 *fill*         0x2000049d        0x3 
 .data.otp_init
                0x200004a0        0x4 D:/english_path_floder/remoter24g_0710/components/libraries/24g/20260121/flash\librf2g4.a(24g_otp_api_sleep_wakeup.o)
                0x200004a0                otp_init
 .data.uart_addr_idx_list
                0x200004a4        0x8 D:/english_path_floder/remoter24g_0710/components/libraries/24g/20260121/flash\librf2g4.a(24g_otp_api_sleep_wakeup.o)
                0x200004a4                uart_addr_idx_list
                0x200004ac                        . = ALIGN (0x4)
                [!provide]                        PROVIDE (__preinit_array_start = .)
 *(.preinit_array)
                [!provide]                        PROVIDE (__preinit_array_end = .)
                0x200004ac                        . = ALIGN (0x4)
                [!provide]                        PROVIDE (__init_array_start = .)
 *(SORT_BY_NAME(.init_array.*))
 *(.init_array)
                [!provide]                        PROVIDE (__init_array_end = .)
                0x200004ac                        . = ALIGN (0x4)
                [!provide]                        PROVIDE (__fini_array_start = .)
 *(SORT_BY_NAME(.fini_array.*))
 *(.fini_array)
                [!provide]                        PROVIDE (__fini_array_end = .)
 *(.jcr*)
 *(.ram_code_section .ram_code_section.*)
 .ram_code_section
                0x200004ac       0x3a C:\Users\PC\AppData\Local\Temp\ccCAyvR8.ltrans0.ltrans.o
                0x200004ac                sleep_wakeup_handler
                0x200004b0                RADIO_DMA_Handler
 .ram_code_section
                0x200004e6       0x98 D:/english_path_floder/remoter24g_0710/components/libraries\libstartlib.a(E902_startup.o)
                0x200004e6                poweron_unused_gpio_mask_parse_and_set
                0x2000054a                delay_us
                0x2000056a                delay_ms
 .ram_code_section
                0x2000057e      0x2e4 D:/english_path_floder/remoter24g_0710/components/libraries/24g/20260121/flash\lib2g4_base.a(t1001_t1001_2g4.o)
                0x2000057e                omw_svc_2g4_set_access_word
                0x2000062e                omw_svc_2g4_get_sync_time
                0x20000636                omw_svc_2g4_get_pend_time
                0x2000063e                omw_svc_24g_is_txrx_idle
                0x2000064c                omw_svc_24g_sync_end
                0x2000064e                RF_2G4_RADIO_Handler
                0x20000666                omw_svc_2g4_tx_data
                0x20000704                omw_svc_2g4_set_idle
                0x20000744                RADIO_DescInit_Freq
 .ram_code_section
                0x20000862        0xe D:/english_path_floder/remoter24g_0710/components/libraries/24g/20260121/flash\lib2g4_base.a(t1001_t1001_2g4_radio.o)
                0x20000862                RADIO_CommonDescInit_SetFreq
 .ram_code_section
                0x20000870      0x558 D:/english_path_floder/remoter24g_0710/components/libraries/24g/20260121/flash\lib2g4_base.a(t1001_t1002_chip_radio.o)
                0x200009a6                _rf_kvco_read_y
                0x200009f6                trigger_gpadc_temp_sampling
                0x20000a42                start_await_dma
                0x20000a6e                calc_hp_offset_at_curr_temp
                0x20000b5a                RF_OnChip_Cfg_KVCO_Cal_val
                0x20000cce                RF_OnChip_Corner_Cal_Cfg
                0x20000cda                RF_OnChip_DCOC_Cal_Bw_Cfg
                0x20000cf0                RF_OnChip_DCOC_Cal_Cfg
                0x20000cfc                RF_OnChip_RC_Cal_Cfg
                0x20000cfe                RF_OnChip_KVCO_Cal_Cfg
                0x20000d00                RF_OnChip_Base_Init
                0x20000dba                RF_OnChip_Cali_Cfg
 .ram_code_section
                0x20000dc8       0x82 D:/english_path_floder/remoter24g_0710/components/libraries/24g/20260121/flash\lib2g4_base.a(t1001_t1002_rf_cal.o)
                0x20000dc8                omw_rf_cal_apply_core
 .ram_code_section
                0x20000e4a      0x26e D:/english_path_floder/remoter24g_0710/components/libraries/24g/20260121/flash\lib2g4_base.a(t1001_t1001_sleep_cr_2g4.o)
                0x20000e4a                System_Pwr_Cfg
                0x20000e64                t1001_sleep_restore_reg_info
                0x20000e9e                omw_sleep_set_sleep_len
                0x20000eb6                T1001_ChipSleepCriticalWork
 .ram_code_section
                0x200010b8      0x11a D:/english_path_floder/remoter24g_0710/components/libraries/24g/20260121/flash\librf2g4.a(24g_otp_api_sleep_wakeup.o)
                0x200010b8                flash_power_off
                0x200010ce                qspi_regs_restore
                0x200010f6                gpio_regs_restore_before_rel_gpio_hold
                0x20001166                unused_gpio_mask_parse_and_set
                0x200011be                omw_sleep_wkup_worker
 *(.context_switch .context_switch.*)
 .context_switch
                0x200011d2       0x82 D:/english_path_floder/remoter24g_0710/components/libraries\libstartlib.a(E902_context_switch.o)
                0x200011d2                CS_contextSave
                0x2000121a                CS_contextRestore
                0x20001254                        . = ALIGN (0x4)
 *fill*         0x20001254        0x0 
                0x20001254                        __data_end__ = .

.bss            0x20001258      0x318
                0x20001258                        . = ALIGN (0x4)
                0x20001258                        __bss_start__ = .
 *(.bss)
 .bss           0x20001258       0x94 C:\Users\PC\AppData\Local\Temp\ccCAyvR8.ltrans0.ltrans.o
 *(.bss.*)
 .bss.g_otp_cfg
                0x200012ec       0x48 D:/english_path_floder/remoter24g_0710/components/libraries\libstartlib.a(E902_otp_cfg.o)
                0x200012ec                g_otp_cfg
 .bss.autolen_pkt_desc_offset
                0x20001334        0x1 D:/english_path_floder/remoter24g_0710/components/libraries/24g/20260121/flash\lib2g4_base.a(t1001_t1001_2g4.o)
                0x20001334                autolen_pkt_desc_offset
 *fill*         0x20001335        0x3 
 .bss.rf_2g4_fifo
                0x20001338        0x4 D:/english_path_floder/remoter24g_0710/components/libraries/24g/20260121/flash\lib2g4_base.a(t1001_t1001_2g4.o)
                0x20001338                rf_2g4_fifo
 .bss.rf_2g4_mgr
                0x2000133c       0x3b D:/english_path_floder/remoter24g_0710/components/libraries/24g/20260121/flash\lib2g4_base.a(t1001_t1001_2g4.o)
                0x2000133c                rf_2g4_mgr
 *fill*         0x20001377        0x1 
 .bss.rf_2g4_preamble
                0x20001378       0x10 D:/english_path_floder/remoter24g_0710/components/libraries/24g/20260121/flash\lib2g4_base.a(t1001_t1001_2g4.o)
 .bss.rf_2g4_thld
                0x20001388        0x4 D:/english_path_floder/remoter24g_0710/components/libraries/24g/20260121/flash\lib2g4_base.a(t1001_t1001_2g4.o)
                0x20001388                rf_2g4_thld
 .bss.rf_2g4_trans_len
                0x2000138c        0x2 D:/english_path_floder/remoter24g_0710/components/libraries/24g/20260121/flash\lib2g4_base.a(t1001_t1001_2g4.o)
 *fill*         0x2000138e        0x2 
 .bss.rf_2g4_tx_pkt_desc
                0x20001390       0x40 D:/english_path_floder/remoter24g_0710/components/libraries/24g/20260121/flash\lib2g4_base.a(t1001_t1001_2g4.o)
                0x20001390                rf_2g4_tx_pkt_desc
 .bss.rf_stop_desc
                0x200013d0        0x4 D:/english_path_floder/remoter24g_0710/components/libraries/24g/20260121/flash\lib2g4_base.a(t1001_t1001_2g4.o)
                0x200013d0                rf_stop_desc
 .bss.rf_common_desc_modem_rx
                0x200013d4       0x18 D:/english_path_floder/remoter24g_0710/components/libraries/24g/20260121/flash\lib2g4_base.a(t1001_t1001_2g4_radio.o)
                0x200013d4                rf_common_desc_modem_rx
 .bss.rf_common_desc_modem_tx
                0x200013ec       0x18 D:/english_path_floder/remoter24g_0710/components/libraries/24g/20260121/flash\lib2g4_base.a(t1001_t1001_2g4_radio.o)
                0x200013ec                rf_common_desc_modem_tx
 .bss.rf_tx_carrier
                0x20001404        0x1 D:/english_path_floder/remoter24g_0710/components/libraries/24g/20260121/flash\lib2g4_base.a(t1001_t1001_2g4_radio.o)
 *fill*         0x20001405        0x3 
 .bss.aon_tick.0
                0x20001408        0x4 D:/english_path_floder/remoter24g_0710/components/libraries/24g/20260121/flash\lib2g4_base.a(t1001_t1002_chip_radio.o)
 .bss.cur_bw    0x2000140c        0x1 D:/english_path_floder/remoter24g_0710/components/libraries/24g/20260121/flash\lib2g4_base.a(t1001_t1002_chip_radio.o)
                0x2000140c                cur_bw
 *fill*         0x2000140d        0x3 
 .bss.g_hp      0x20001410        0x9 D:/english_path_floder/remoter24g_0710/components/libraries/24g/20260121/flash\lib2g4_base.a(t1001_t1002_chip_radio.o)
                0x20001410                g_hp
 *fill*         0x20001419        0x3 
 .bss.g_hp_offset
                0x2000141c        0x4 D:/english_path_floder/remoter24g_0710/components/libraries/24g/20260121/flash\lib2g4_base.a(t1001_t1002_chip_radio.o)
                0x2000141c                g_hp_offset
 .bss.is_add_rf_aon_adda_vc
                0x20001420        0x1 D:/english_path_floder/remoter24g_0710/components/libraries/24g/20260121/flash\lib2g4_base.a(t1001_t1002_chip_radio.o)
 .bss.is_high_perf
                0x20001421        0x1 D:/english_path_floder/remoter24g_0710/components/libraries/24g/20260121/flash\lib2g4_base.a(t1001_t1002_chip_radio.o)
                0x20001421                is_high_perf
 *fill*         0x20001422        0x2 
 .bss.g_rf_cfg  0x20001424       0x20 D:/english_path_floder/remoter24g_0710/components/libraries/24g/20260121/flash\lib2g4_base.a(t1001_t1002_rf_cal.o)
                0x20001424                g_rf_cfg
 .bss.g_save_buf
                0x20001444        0x4 D:/english_path_floder/remoter24g_0710/components/libraries/24g/20260121/flash\lib2g4_base.a(t1001_t1001_sleep_cr_2g4.o)
 .bss.has_flash
                0x20001448        0x1 D:/english_path_floder/remoter24g_0710/components/libraries/24g/20260121/flash\lib2g4_base.a(t1001_t1001_sleep_cr_2g4.o)
                0x20001448                has_flash
 .bss.has_otp   0x20001449        0x1 D:/english_path_floder/remoter24g_0710/components/libraries/24g/20260121/flash\lib2g4_base.a(t1001_t1001_sleep_cr_2g4.o)
                0x20001449                has_otp
 *fill*         0x2000144a        0x2 
 .bss.slp_tm_rtc_cyls
                0x2000144c        0x4 D:/english_path_floder/remoter24g_0710/components/libraries/24g/20260121/flash\lib2g4_base.a(t1001_t1001_sleep_cr_2g4.o)
                0x2000144c                slp_tm_rtc_cyls
 .bss.current_tx_rx_switch_flag
                0x20001450        0x1 D:/english_path_floder/remoter24g_0710/components/libraries/24g/20260121/flash\librf2g4.a(24g_otp_api_rf_2g4.o)
                0x20001450                current_tx_rx_switch_flag
 *fill*         0x20001451        0x3 
 .bss.rf_2g4_para
                0x20001454        0x4 D:/english_path_floder/remoter24g_0710/components/libraries/24g/20260121/flash\librf2g4.a(24g_otp_api_rf_2g4.o)
                0x20001454                rf_2g4_para
 .bss.rf_2g4_rx_data_buf
                0x20001458      0x100 D:/english_path_floder/remoter24g_0710/components/libraries/24g/20260121/flash\librf2g4.a(24g_otp_api_rf_2g4.o)
                0x20001458                rf_2g4_rx_data_buf
 .bss.rf_current_power
                0x20001558        0x4 D:/english_path_floder/remoter24g_0710/components/libraries/24g/20260121/flash\librf2g4.a(24g_otp_api_rf_2g4.o)
                0x20001558                rf_current_power
 .bss.rx_restart_flag
                0x2000155c        0x1 D:/english_path_floder/remoter24g_0710/components/libraries/24g/20260121/flash\librf2g4.a(24g_otp_api_rf_2g4.o)
                0x2000155c                rx_restart_flag
 .bss.tx_restart_flag
                0x2000155d        0x1 D:/english_path_floder/remoter24g_0710/components/libraries/24g/20260121/flash\librf2g4.a(24g_otp_api_rf_2g4.o)
                0x2000155d                tx_restart_flag
 *fill*         0x2000155e        0x2 
 .bss.g_save_buf
                0x20001560        0x4 D:/english_path_floder/remoter24g_0710/components/libraries/24g/20260121/flash\librf2g4.a(24g_otp_api_sleep_wakeup.o)
 .bss.sleep_wakeup_reason
                0x20001564        0x4 D:/english_path_floder/remoter24g_0710/components/libraries/24g/20260121/flash\librf2g4.a(24g_otp_api_sleep_wakeup.o)
                0x20001564                sleep_wakeup_reason
 .bss.uart0_save_buf
                0x20001568        0x4 D:/english_path_floder/remoter24g_0710/components/libraries/24g/20260121/flash\librf2g4.a(24g_otp_api_sleep_wakeup.o)
 .bss.unused_gpio_mask_when_sleep
                0x2000156c        0x4 D:/english_path_floder/remoter24g_0710/components/libraries/24g/20260121/flash\librf2g4.a(24g_otp_api_sleep_wakeup.o)
                0x2000156c                unused_gpio_mask_when_sleep
 *(COMMON)
                0x20001570                        . = ALIGN (0x4)
                0x20001570                        __bss_end__ = .

.heap           0x20001570        0x0
                0x20001570                        . = ALIGN (0x8)
                0x20001570                        __end__ = .
                [!provide]                        PROVIDE (end = .)
                0x20001570                        . = (. + __HEAP_SIZE)
                0x20001570                        . = ALIGN (0x8)
                0x20001570                        __HeapLimit = .

.stack          0x20003d00      0x300
                0x20003d00                        . = ALIGN (0x8)
                0x20003d00                        __StackLimit = .
                0x20004000                        . = (. + __STACK_SIZE)
 *fill*         0x20003d00      0x300 
                0x20004000                        . = ALIGN (0x8)
                0x20004000                        __StackTop = .
                [!provide]                        PROVIDE (__stack = __StackTop)
                0x00000001                        ASSERT ((__StackLimit >= __HeapLimit), region RAM overflowed with stack)
OUTPUT(Obj/CP8003_REMOTER.elf elf32-littleriscv)

.debug_info     0x00000000    0x17617
 .debug_info    0x00000000      0x97a C:\Users\PC\AppData\Local\Temp\ccCAyvR8.ltrans0.ltrans.o
 .debug_info    0x0000097a     0x15bd C:\Users\PC\AppData\Local\Temp\ccrCAsQh.debug.temp.o
                0x0000097a                main.c.5cfd7a5a
 .debug_info    0x00001f37       0x83 C:\Users\PC\AppData\Local\Temp\ccIoBuPr.debug.temp.o
                0x00001f37                app_isr.c.e5c6b59f
 .debug_info    0x00001fba      0x417 C:\Users\PC\AppData\Local\Temp\cclITPSB.debug.temp.o
                0x00001fba                rmt_key_config.c.5b7dd704
 .debug_info    0x000023d1      0x567 C:\Users\PC\AppData\Local\Temp\ccikspoM.debug.temp.o
                0x000023d1                app_remoter.c.b4f3e83c
 .debug_info    0x00002938      0x8e5 C:\Users\PC\AppData\Local\Temp\ccdHFxFW.debug.temp.o
                0x00002938                app_viot_handler.c.d912e21e
 .debug_info    0x0000321d      0x376 C:\Users\PC\AppData\Local\Temp\ccmVA606.debug.temp.o
                0x0000321d                key_process.c.d9ae0370
 .debug_info    0x00003593     0x1d61 C:\Users\PC\AppData\Local\Temp\cc0xTwkJ.debug.temp.o
                0x00003593                driver_gpio.c.e70419af
 .debug_info    0x000052f4       0xa3 C:\Users\PC\AppData\Local\Temp\ccrZKNaB.debug.temp.o
                0x000052f4                log_dbg.c.00679860
 .debug_info    0x00005397      0x2cf C:\Users\PC\AppData\Local\Temp\cc6lGGfO.debug.temp.o
                0x00005397                hal_clock.c.6d12e5bc
 .debug_info    0x00005666      0x312 C:\Users\PC\AppData\Local\Temp\cc9SMzp1.debug.temp.o
                0x00005666                ble_viot.c.e415c280
 .debug_info    0x00005978       0x35 D:/english_path_floder/remoter24g_0710/components/libraries\libstartlib.a(E902_crt0.o)
 .debug_info    0x000059ad      0xd6d D:/english_path_floder/remoter24g_0710/components/libraries\libstartlib.a(E902_startup.o)
 .debug_info    0x0000671a      0xa71 D:/english_path_floder/remoter24g_0710/components/libraries\libstartlib.a(E902_otp_cfg.o)
 .debug_info    0x0000718b     0x2dc2 D:/english_path_floder/remoter24g_0710/components/libraries/24g/20260121/flash\lib2g4_base.a(t1001_t1001_2g4.o)
 .debug_info    0x00009f4d     0x32af D:/english_path_floder/remoter24g_0710/components/libraries/24g/20260121/flash\lib2g4_base.a(t1001_t1001_2g4_radio.o)
 .debug_info    0x0000d1fc     0x565f D:/english_path_floder/remoter24g_0710/components/libraries/24g/20260121/flash\lib2g4_base.a(t1001_t1002_chip_radio.o)
 .debug_info    0x0001285b     0x1efe D:/english_path_floder/remoter24g_0710/components/libraries/24g/20260121/flash\lib2g4_base.a(t1001_t1002_rf_cal.o)
 .debug_info    0x00014759     0x289e D:/english_path_floder/remoter24g_0710/components/libraries/24g/20260121/flash\lib2g4_base.a(t1001_t1001_sleep_cr_2g4.o)
 .debug_info    0x00016ff7      0x3a7 D:/english_path_floder/remoter24g_0710/components/libraries/24g/20260121/flash\librf2g4.a(24g_otp_api_rf_2g4.o)
 .debug_info    0x0001739e      0x279 D:/english_path_floder/remoter24g_0710/components/libraries/24g/20260121/flash\librf2g4.a(24g_otp_api_sleep_wakeup.o)

.debug_abbrev   0x00000000     0x2a57
 .debug_abbrev  0x00000000      0x1cb C:\Users\PC\AppData\Local\Temp\ccCAyvR8.ltrans0.ltrans.o
 .debug_abbrev  0x000001cb      0x251 C:\Users\PC\AppData\Local\Temp\ccrCAsQh.debug.temp.o
 .debug_abbrev  0x0000041c       0x4a C:\Users\PC\AppData\Local\Temp\ccIoBuPr.debug.temp.o
 .debug_abbrev  0x00000466      0x101 C:\Users\PC\AppData\Local\Temp\cclITPSB.debug.temp.o
 .debug_abbrev  0x00000567      0x189 C:\Users\PC\AppData\Local\Temp\ccikspoM.debug.temp.o
 .debug_abbrev  0x000006f0      0x217 C:\Users\PC\AppData\Local\Temp\ccdHFxFW.debug.temp.o
 .debug_abbrev  0x00000907      0x19e C:\Users\PC\AppData\Local\Temp\ccmVA606.debug.temp.o
 .debug_abbrev  0x00000aa5      0x29b C:\Users\PC\AppData\Local\Temp\cc0xTwkJ.debug.temp.o
 .debug_abbrev  0x00000d40       0x6e C:\Users\PC\AppData\Local\Temp\ccrZKNaB.debug.temp.o
 .debug_abbrev  0x00000dae       0xdc C:\Users\PC\AppData\Local\Temp\cc6lGGfO.debug.temp.o
 .debug_abbrev  0x00000e8a      0x113 C:\Users\PC\AppData\Local\Temp\cc9SMzp1.debug.temp.o
 .debug_abbrev  0x00000f9d       0x21 D:/english_path_floder/remoter24g_0710/components/libraries\libstartlib.a(E902_crt0.o)
 .debug_abbrev  0x00000fbe      0x363 D:/english_path_floder/remoter24g_0710/components/libraries\libstartlib.a(E902_startup.o)
 .debug_abbrev  0x00001321      0x15c D:/english_path_floder/remoter24g_0710/components/libraries\libstartlib.a(E902_otp_cfg.o)
 .debug_abbrev  0x0000147d      0x3f7 D:/english_path_floder/remoter24g_0710/components/libraries/24g/20260121/flash\lib2g4_base.a(t1001_t1001_2g4.o)
 .debug_abbrev  0x00001874      0x38e D:/english_path_floder/remoter24g_0710/components/libraries/24g/20260121/flash\lib2g4_base.a(t1001_t1001_2g4_radio.o)
 .debug_abbrev  0x00001c02      0x4cb D:/english_path_floder/remoter24g_0710/components/libraries/24g/20260121/flash\lib2g4_base.a(t1001_t1002_chip_radio.o)
 .debug_abbrev  0x000020cd      0x3dd D:/english_path_floder/remoter24g_0710/components/libraries/24g/20260121/flash\lib2g4_base.a(t1001_t1002_rf_cal.o)
 .debug_abbrev  0x000024aa      0x344 D:/english_path_floder/remoter24g_0710/components/libraries/24g/20260121/flash\lib2g4_base.a(t1001_t1001_sleep_cr_2g4.o)
 .debug_abbrev  0x000027ee      0x13c D:/english_path_floder/remoter24g_0710/components/libraries/24g/20260121/flash\librf2g4.a(24g_otp_api_rf_2g4.o)
 .debug_abbrev  0x0000292a      0x12d D:/english_path_floder/remoter24g_0710/components/libraries/24g/20260121/flash\librf2g4.a(24g_otp_api_sleep_wakeup.o)

.debug_loclists
                0x00000000      0x802
 .debug_loclists
                0x00000000      0x685 C:\Users\PC\AppData\Local\Temp\ccCAyvR8.ltrans0.ltrans.o
 .debug_loclists
                0x00000685       0xfc D:/english_path_floder/remoter24g_0710/components/libraries\libstartlib.a(E902_startup.o)
 .debug_loclists
                0x00000781       0x81 D:/english_path_floder/remoter24g_0710/components/libraries\libstartlib.a(E902_otp_cfg.o)

.debug_aranges  0x00000000      0x620
 .debug_aranges
                0x00000000       0x38 C:\Users\PC\AppData\Local\Temp\ccCAyvR8.ltrans0.ltrans.o
 .debug_aranges
                0x00000038       0x20 D:/english_path_floder/remoter24g_0710/components/libraries\libstartlib.a(E902_crt0.o)
 .debug_aranges
                0x00000058       0x70 D:/english_path_floder/remoter24g_0710/components/libraries\libstartlib.a(E902_startup.o)
 .debug_aranges
                0x000000c8       0x28 D:/english_path_floder/remoter24g_0710/components/libraries\libstartlib.a(E902_otp_cfg.o)
 .debug_aranges
                0x000000f0      0x1b8 D:/english_path_floder/remoter24g_0710/components/libraries/24g/20260121/flash\lib2g4_base.a(t1001_t1001_2g4.o)
 .debug_aranges
                0x000002a8       0x68 D:/english_path_floder/remoter24g_0710/components/libraries/24g/20260121/flash\lib2g4_base.a(t1001_t1001_2g4_radio.o)
 .debug_aranges
                0x00000310      0x108 D:/english_path_floder/remoter24g_0710/components/libraries/24g/20260121/flash\lib2g4_base.a(t1001_t1002_chip_radio.o)
 .debug_aranges
                0x00000418       0x50 D:/english_path_floder/remoter24g_0710/components/libraries/24g/20260121/flash\lib2g4_base.a(t1001_t1002_rf_cal.o)
 .debug_aranges
                0x00000468       0x40 D:/english_path_floder/remoter24g_0710/components/libraries/24g/20260121/flash\lib2g4_base.a(t1001_t1001_sleep_cr_2g4.o)
 .debug_aranges
                0x000004a8       0xf8 D:/english_path_floder/remoter24g_0710/components/libraries/24g/20260121/flash\librf2g4.a(24g_otp_api_rf_2g4.o)
 .debug_aranges
                0x000005a0       0x80 D:/english_path_floder/remoter24g_0710/components/libraries/24g/20260121/flash\librf2g4.a(24g_otp_api_sleep_wakeup.o)

.debug_rnglists
                0x00000000      0x253
 .debug_rnglists
                0x00000000      0x1b7 C:\Users\PC\AppData\Local\Temp\ccCAyvR8.ltrans0.ltrans.o
 .debug_rnglists
                0x000001b7       0x81 D:/english_path_floder/remoter24g_0710/components/libraries\libstartlib.a(E902_startup.o)
 .debug_rnglists
                0x00000238       0x1b D:/english_path_floder/remoter24g_0710/components/libraries\libstartlib.a(E902_otp_cfg.o)

.debug_line     0x00000000     0x80ae
 .debug_line    0x00000000     0x1495 C:\Users\PC\AppData\Local\Temp\ccCAyvR8.ltrans0.ltrans.o
 .debug_line    0x00001495       0x9e C:\Users\PC\AppData\Local\Temp\ccrCAsQh.debug.temp.o
 .debug_line    0x00001533       0x3a C:\Users\PC\AppData\Local\Temp\ccIoBuPr.debug.temp.o
 .debug_line    0x0000156d       0x75 C:\Users\PC\AppData\Local\Temp\cclITPSB.debug.temp.o
 .debug_line    0x000015e2       0x75 C:\Users\PC\AppData\Local\Temp\ccikspoM.debug.temp.o
 .debug_line    0x00001657       0x87 C:\Users\PC\AppData\Local\Temp\ccdHFxFW.debug.temp.o
 .debug_line    0x000016de       0x7e C:\Users\PC\AppData\Local\Temp\ccmVA606.debug.temp.o
 .debug_line    0x0000175c       0x64 C:\Users\PC\AppData\Local\Temp\cc0xTwkJ.debug.temp.o
 .debug_line    0x000017c0       0x3a C:\Users\PC\AppData\Local\Temp\ccrZKNaB.debug.temp.o
 .debug_line    0x000017fa       0x55 C:\Users\PC\AppData\Local\Temp\cc6lGGfO.debug.temp.o
 .debug_line    0x0000184f       0x51 C:\Users\PC\AppData\Local\Temp\cc9SMzp1.debug.temp.o
 .debug_line    0x000018a0       0xf7 D:/english_path_floder/remoter24g_0710/components/libraries\libstartlib.a(E902_crt0.o)
 .debug_line    0x00001997      0x72d D:/english_path_floder/remoter24g_0710/components/libraries\libstartlib.a(E902_startup.o)
 .debug_line    0x000020c4      0x5bb D:/english_path_floder/remoter24g_0710/components/libraries\libstartlib.a(E902_otp_cfg.o)
 .debug_line    0x0000267f     0x181f D:/english_path_floder/remoter24g_0710/components/libraries/24g/20260121/flash\lib2g4_base.a(t1001_t1001_2g4.o)
 .debug_line    0x00003e9e      0x6b4 D:/english_path_floder/remoter24g_0710/components/libraries/24g/20260121/flash\lib2g4_base.a(t1001_t1001_2g4_radio.o)
 .debug_line    0x00004552     0x1bd1 D:/english_path_floder/remoter24g_0710/components/libraries/24g/20260121/flash\lib2g4_base.a(t1001_t1002_chip_radio.o)
 .debug_line    0x00006123      0x827 D:/english_path_floder/remoter24g_0710/components/libraries/24g/20260121/flash\lib2g4_base.a(t1001_t1002_rf_cal.o)
 .debug_line    0x0000694a      0x678 D:/english_path_floder/remoter24g_0710/components/libraries/24g/20260121/flash\lib2g4_base.a(t1001_t1001_sleep_cr_2g4.o)
 .debug_line    0x00006fc2      0x98f D:/english_path_floder/remoter24g_0710/components/libraries/24g/20260121/flash\librf2g4.a(24g_otp_api_rf_2g4.o)
 .debug_line    0x00007951      0x75d D:/english_path_floder/remoter24g_0710/components/libraries/24g/20260121/flash\librf2g4.a(24g_otp_api_sleep_wakeup.o)

.debug_str      0x00000000     0x710b
 .debug_str     0x00000000      0x14d C:\Users\PC\AppData\Local\Temp\ccCAyvR8.ltrans0.ltrans.o
 .debug_str     0x00000000     0x17b8 C:\Users\PC\AppData\Local\Temp\ccrCAsQh.debug.temp.o
 .debug_str     0x00000000      0x170 C:\Users\PC\AppData\Local\Temp\ccIoBuPr.debug.temp.o
 .debug_str     0x00000000      0xb72 C:\Users\PC\AppData\Local\Temp\cclITPSB.debug.temp.o
 .debug_str     0x00000000      0xca3 C:\Users\PC\AppData\Local\Temp\ccikspoM.debug.temp.o
 .debug_str     0x00000000      0xf0f C:\Users\PC\AppData\Local\Temp\ccdHFxFW.debug.temp.o
 .debug_str     0x00000000      0x3f7 C:\Users\PC\AppData\Local\Temp\ccmVA606.debug.temp.o
 .debug_str     0x00000000     0x14f2 C:\Users\PC\AppData\Local\Temp\cc0xTwkJ.debug.temp.o
 .debug_str     0x00000000      0x168 C:\Users\PC\AppData\Local\Temp\ccrZKNaB.debug.temp.o
 .debug_str     0x00000000      0xa22 C:\Users\PC\AppData\Local\Temp\cc6lGGfO.debug.temp.o
 .debug_str     0x00000000      0x2be C:\Users\PC\AppData\Local\Temp\cc9SMzp1.debug.temp.o
 .debug_str     0x00000000     0x710b D:/english_path_floder/remoter24g_0710/components/libraries\libstartlib.a(E902_crt0.o)
                                 0x93 (size before relaxing)
 .debug_str     0x0000710b      0xf21 D:/english_path_floder/remoter24g_0710/components/libraries\libstartlib.a(E902_startup.o)
 .debug_str     0x0000710b      0xb67 D:/english_path_floder/remoter24g_0710/components/libraries\libstartlib.a(E902_otp_cfg.o)
 .debug_str     0x0000710b     0x1741 D:/english_path_floder/remoter24g_0710/components/libraries/24g/20260121/flash\lib2g4_base.a(t1001_t1001_2g4.o)
 .debug_str     0x0000710b     0x1bf7 D:/english_path_floder/remoter24g_0710/components/libraries/24g/20260121/flash\lib2g4_base.a(t1001_t1001_2g4_radio.o)
 .debug_str     0x0000710b     0x2e60 D:/english_path_floder/remoter24g_0710/components/libraries/24g/20260121/flash\lib2g4_base.a(t1001_t1002_chip_radio.o)
 .debug_str     0x0000710b      0xf59 D:/english_path_floder/remoter24g_0710/components/libraries/24g/20260121/flash\lib2g4_base.a(t1001_t1002_rf_cal.o)
 .debug_str     0x0000710b     0x177c D:/english_path_floder/remoter24g_0710/components/libraries/24g/20260121/flash\lib2g4_base.a(t1001_t1001_sleep_cr_2g4.o)
 .debug_str     0x0000710b      0x3fe D:/english_path_floder/remoter24g_0710/components/libraries/24g/20260121/flash\librf2g4.a(24g_otp_api_rf_2g4.o)
 .debug_str     0x0000710b      0x331 D:/english_path_floder/remoter24g_0710/components/libraries/24g/20260121/flash\librf2g4.a(24g_otp_api_sleep_wakeup.o)

.debug_line_str
                0x00000000      0x651
 .debug_line_str
                0x00000000      0x1dd C:\Users\PC\AppData\Local\Temp\ccCAyvR8.ltrans0.ltrans.o
 .debug_line_str
                0x00000000      0x283 C:\Users\PC\AppData\Local\Temp\ccrCAsQh.debug.temp.o
 .debug_line_str
                0x00000000       0x68 C:\Users\PC\AppData\Local\Temp\ccIoBuPr.debug.temp.o
 .debug_line_str
                0x00000000      0x1e8 C:\Users\PC\AppData\Local\Temp\cclITPSB.debug.temp.o
 .debug_line_str
                0x00000000      0x1f6 C:\Users\PC\AppData\Local\Temp\ccikspoM.debug.temp.o
 .debug_line_str
                0x00000000      0x2a6 C:\Users\PC\AppData\Local\Temp\ccdHFxFW.debug.temp.o
 .debug_line_str
                0x00000000      0x24c C:\Users\PC\AppData\Local\Temp\ccmVA606.debug.temp.o
 .debug_line_str
                0x00000000      0x1bf C:\Users\PC\AppData\Local\Temp\cc0xTwkJ.debug.temp.o
 .debug_line_str
                0x00000000       0x9a C:\Users\PC\AppData\Local\Temp\ccrZKNaB.debug.temp.o
 .debug_line_str
                0x00000000      0x193 C:\Users\PC\AppData\Local\Temp\cc6lGGfO.debug.temp.o
 .debug_line_str
                0x00000000      0x176 C:\Users\PC\AppData\Local\Temp\cc9SMzp1.debug.temp.o
 .debug_line_str
                0x00000000      0x651 D:/english_path_floder/remoter24g_0710/components/libraries\libstartlib.a(E902_startup.o)
                                0x27b (size before relaxing)
 .debug_line_str
                0x00000651      0x201 D:/english_path_floder/remoter24g_0710/components/libraries\libstartlib.a(E902_otp_cfg.o)

.comment        0x00000000      0x11e
 .comment       0x00000000       0x46 C:\Users\PC\AppData\Local\Temp\ccCAyvR8.ltrans0.ltrans.o
 .comment       0x00000000      0x11e D:/english_path_floder/remoter24g_0710/components/libraries\libstartlib.a(E902_startup.o)
                                 0x4f (size before relaxing)
 .comment       0x0000011e       0x4f D:/english_path_floder/remoter24g_0710/components/libraries\libstartlib.a(E902_otp_cfg.o)
 .comment       0x0000011e       0x46 D:/english_path_floder/remoter24g_0710/components/libraries/24g/20260121/flash\lib2g4_base.a(t1001_t1001_2g4.o)
 .comment       0x0000011e       0x46 D:/english_path_floder/remoter24g_0710/components/libraries/24g/20260121/flash\lib2g4_base.a(t1001_t1001_2g4_radio.o)
 .comment       0x0000011e       0x46 D:/english_path_floder/remoter24g_0710/components/libraries/24g/20260121/flash\lib2g4_base.a(t1001_t1002_chip_radio.o)
 .comment       0x0000011e       0x46 D:/english_path_floder/remoter24g_0710/components/libraries/24g/20260121/flash\lib2g4_base.a(t1001_t1002_rf_cal.o)
 .comment       0x0000011e       0x46 D:/english_path_floder/remoter24g_0710/components/libraries/24g/20260121/flash\lib2g4_base.a(t1001_t1001_sleep_cr_2g4.o)
 .comment       0x0000011e       0x47 D:/english_path_floder/remoter24g_0710/components/libraries/24g/20260121/flash\librf2g4.a(24g_otp_api_rf_2g4.o)
 .comment       0x0000011e       0x47 D:/english_path_floder/remoter24g_0710/components/libraries/24g/20260121/flash\librf2g4.a(24g_otp_api_sleep_wakeup.o)

.note.GNU-stack
                0x00000000        0x0
 .note.GNU-stack
                0x00000000        0x0 C:\Users\PC\AppData\Local\Temp\ccCAyvR8.ltrans0.ltrans.o
 .note.GNU-stack
                0x00000000        0x0 D:/english_path_floder/remoter24g_0710/components/libraries\libstartlib.a(E902_startup.o)
 .note.GNU-stack
                0x00000000        0x0 D:/english_path_floder/remoter24g_0710/components/libraries\libstartlib.a(E902_otp_cfg.o)

.riscv.attributes
                0x00000000       0x68
 .riscv.attributes
                0x00000000       0x68 C:\Users\PC\AppData\Local\Temp\ccCAyvR8.ltrans0.ltrans.o
 .riscv.attributes
                0x00000068       0x5f D:/english_path_floder/remoter24g_0710/components/libraries\libstartlib.a(E902_crt0.o)
 .riscv.attributes
                0x000000c7       0x61 D:/english_path_floder/remoter24g_0710/components/libraries\libstartlib.a(E902_startup.o)
 .riscv.attributes
                0x00000128       0x5d D:/english_path_floder/remoter24g_0710/components/libraries\libstartlib.a(E902_otp_cfg.o)
 .riscv.attributes
                0x00000185       0x36 D:/english_path_floder/remoter24g_0710/components/libraries/24g/20260121/flash\lib2g4_base.a(t1001_t1001_2g4.o)
 .riscv.attributes
                0x000001bb       0x32 D:/english_path_floder/remoter24g_0710/components/libraries/24g/20260121/flash\lib2g4_base.a(t1001_t1001_2g4_radio.o)
 .riscv.attributes
                0x000001ed       0x32 D:/english_path_floder/remoter24g_0710/components/libraries/24g/20260121/flash\lib2g4_base.a(t1001_t1002_chip_radio.o)
 .riscv.attributes
                0x0000021f       0x32 D:/english_path_floder/remoter24g_0710/components/libraries/24g/20260121/flash\lib2g4_base.a(t1001_t1002_rf_cal.o)
 .riscv.attributes
                0x00000251       0x32 D:/english_path_floder/remoter24g_0710/components/libraries/24g/20260121/flash\lib2g4_base.a(t1001_t1001_sleep_cr_2g4.o)
 .riscv.attributes
                0x00000283       0x36 D:/english_path_floder/remoter24g_0710/components/libraries/24g/20260121/flash\librf2g4.a(24g_otp_api_rf_2g4.o)
 .riscv.attributes
                0x000002b9       0x36 D:/english_path_floder/remoter24g_0710/components/libraries/24g/20260121/flash\librf2g4.a(24g_otp_api_sleep_wakeup.o)
 .riscv.attributes
                0x000002ef       0x34 d:/app/C-Sky/CDKRepo/Toolchain/XTGccElfNewlib/V3.4.0/R/bin/../lib/gcc/riscv64-unknown-elf/14.3.0/../../../../riscv64-unknown-elf/lib/rv32emc/ilp32e\libc_nano.a(lib_a-memcpy-asm.o)
 .riscv.attributes
                0x00000323       0x34 d:/app/C-Sky/CDKRepo/Toolchain/XTGccElfNewlib/V3.4.0/R/bin/../lib/gcc/riscv64-unknown-elf/14.3.0/../../../../riscv64-unknown-elf/lib/rv32emc/ilp32e\libc_nano.a(lib_a-memset.o)

.debug_frame    0x00000000      0xf64
 .debug_frame   0x00000000       0xbc C:\Users\PC\AppData\Local\Temp\ccCAyvR8.ltrans0.ltrans.o
 .debug_frame   0x000000bc      0x100 D:/english_path_floder/remoter24g_0710/components/libraries\libstartlib.a(E902_startup.o)
 .debug_frame   0x000001bc       0x30 D:/english_path_floder/remoter24g_0710/components/libraries\libstartlib.a(E902_otp_cfg.o)
 .debug_frame   0x000001ec      0x434 D:/english_path_floder/remoter24g_0710/components/libraries/24g/20260121/flash\lib2g4_base.a(t1001_t1001_2g4.o)
 .debug_frame   0x00000620       0xe0 D:/english_path_floder/remoter24g_0710/components/libraries/24g/20260121/flash\lib2g4_base.a(t1001_t1001_2g4_radio.o)
 .debug_frame   0x00000700      0x2c4 D:/english_path_floder/remoter24g_0710/components/libraries/24g/20260121/flash\lib2g4_base.a(t1001_t1002_chip_radio.o)
 .debug_frame   0x000009c4       0xc0 D:/english_path_floder/remoter24g_0710/components/libraries/24g/20260121/flash\lib2g4_base.a(t1001_t1002_rf_cal.o)
 .debug_frame   0x00000a84       0x78 D:/english_path_floder/remoter24g_0710/components/libraries/24g/20260121/flash\lib2g4_base.a(t1001_t1001_sleep_cr_2g4.o)
 .debug_frame   0x00000afc      0x324 D:/english_path_floder/remoter24g_0710/components/libraries/24g/20260121/flash\librf2g4.a(24g_otp_api_rf_2g4.o)
 .debug_frame   0x00000e20      0x144 D:/english_path_floder/remoter24g_0710/components/libraries/24g/20260121/flash\librf2g4.a(24g_otp_api_sleep_wakeup.o)

.debug_loc      0x00000000     0x20bb
 .debug_loc     0x00000000      0xa51 D:/english_path_floder/remoter24g_0710/components/libraries/24g/20260121/flash\lib2g4_base.a(t1001_t1001_2g4.o)
 .debug_loc     0x00000a51      0x1f7 D:/english_path_floder/remoter24g_0710/components/libraries/24g/20260121/flash\lib2g4_base.a(t1001_t1001_2g4_radio.o)
 .debug_loc     0x00000c48     0x112e D:/english_path_floder/remoter24g_0710/components/libraries/24g/20260121/flash\lib2g4_base.a(t1001_t1002_chip_radio.o)
 .debug_loc     0x00001d76      0x26d D:/english_path_floder/remoter24g_0710/components/libraries/24g/20260121/flash\lib2g4_base.a(t1001_t1002_rf_cal.o)
 .debug_loc     0x00001fe3       0xd8 D:/english_path_floder/remoter24g_0710/components/libraries/24g/20260121/flash\lib2g4_base.a(t1001_t1001_sleep_cr_2g4.o)

.debug_ranges   0x00000000      0x5f0
 .debug_ranges  0x00000000      0x1f0 D:/english_path_floder/remoter24g_0710/components/libraries/24g/20260121/flash\lib2g4_base.a(t1001_t1001_2g4.o)
 .debug_ranges  0x000001f0       0x58 D:/english_path_floder/remoter24g_0710/components/libraries/24g/20260121/flash\lib2g4_base.a(t1001_t1001_2g4_radio.o)
 .debug_ranges  0x00000248      0x1b0 D:/english_path_floder/remoter24g_0710/components/libraries/24g/20260121/flash\lib2g4_base.a(t1001_t1002_chip_radio.o)
 .debug_ranges  0x000003f8       0x58 D:/english_path_floder/remoter24g_0710/components/libraries/24g/20260121/flash\lib2g4_base.a(t1001_t1002_rf_cal.o)
 .debug_ranges  0x00000450       0x30 D:/english_path_floder/remoter24g_0710/components/libraries/24g/20260121/flash\lib2g4_base.a(t1001_t1001_sleep_cr_2g4.o)
 .debug_ranges  0x00000480       0xe8 D:/english_path_floder/remoter24g_0710/components/libraries/24g/20260121/flash\librf2g4.a(24g_otp_api_rf_2g4.o)
 .debug_ranges  0x00000568       0x88 D:/english_path_floder/remoter24g_0710/components/libraries/24g/20260121/flash\librf2g4.a(24g_otp_api_sleep_wakeup.o)
